Archive member included to satisfy reference by file (symbol)

C:\Users\Obelisk\workspace\stm32f746g-disco_hal_lib\Debug\libstm32f746g-disco_hal_lib.a(stm32746g_discovery_lcd.o)
                              src/main.o (Font24)
C:\Users\Obelisk\workspace\stm32f746g-disco_hal_lib\Debug\libstm32f746g-disco_hal_lib.a(stm32746g_discovery_sdram.o)
                              C:\Users\Obelisk\workspace\stm32f746g-disco_hal_lib\Debug\libstm32f746g-disco_hal_lib.a(stm32746g_discovery_lcd.o) (BSP_SDRAM_Init)
C:\Users\Obelisk\workspace\stm32f746g-disco_hal_lib\Debug\libstm32f746g-disco_hal_lib.a(stm32746g_discovery_ts.o)
                              src/main.o (BSP_TS_Init)
C:\Users\Obelisk\workspace\stm32f746g-disco_hal_lib\Debug\libstm32f746g-disco_hal_lib.a(ft5336.o)
                              C:\Users\Obelisk\workspace\stm32f746g-disco_hal_lib\Debug\libstm32f746g-disco_hal_lib.a(stm32746g_discovery_ts.o) (ft5336_ts_drv)
C:\Users\Obelisk\workspace\stm32f746g-disco_hal_lib\Debug\libstm32f746g-disco_hal_lib.a(stm32f7xx_hal.o)
                              src/main.o (HAL_Init)
C:\Users\Obelisk\workspace\stm32f746g-disco_hal_lib\Debug\libstm32f746g-disco_hal_lib.a(stm32f7xx_hal_cortex.o)
                              C:\Users\Obelisk\workspace\stm32f746g-disco_hal_lib\Debug\libstm32f746g-disco_hal_lib.a(stm32f7xx_hal.o) (HAL_NVIC_SetPriorityGrouping)
C:\Users\Obelisk\workspace\stm32f746g-disco_hal_lib\Debug\libstm32f746g-disco_hal_lib.a(stm32f7xx_hal_dma.o)
                              C:\Users\Obelisk\workspace\stm32f746g-disco_hal_lib\Debug\libstm32f746g-disco_hal_lib.a(stm32746g_discovery_sdram.o) (HAL_DMA_Init)
C:\Users\Obelisk\workspace\stm32f746g-disco_hal_lib\Debug\libstm32f746g-disco_hal_lib.a(stm32f7xx_hal_dma2d.o)
                              C:\Users\Obelisk\workspace\stm32f746g-disco_hal_lib\Debug\libstm32f746g-disco_hal_lib.a(stm32746g_discovery_lcd.o) (HAL_DMA2D_Init)
C:\Users\Obelisk\workspace\stm32f746g-disco_hal_lib\Debug\libstm32f746g-disco_hal_lib.a(stm32f7xx_hal_gpio.o)
                              src/main.o (HAL_GPIO_Init)
C:\Users\Obelisk\workspace\stm32f746g-disco_hal_lib\Debug\libstm32f746g-disco_hal_lib.a(stm32f7xx_hal_ltdc.o)
                              C:\Users\Obelisk\workspace\stm32f746g-disco_hal_lib\Debug\libstm32f746g-disco_hal_lib.a(stm32746g_discovery_lcd.o) (HAL_LTDC_Init)
C:\Users\Obelisk\workspace\stm32f746g-disco_hal_lib\Debug\libstm32f746g-disco_hal_lib.a(stm32f7xx_hal_pwr_ex.o)
                              src/main.o (HAL_PWREx_EnableOverDrive)
C:\Users\Obelisk\workspace\stm32f746g-disco_hal_lib\Debug\libstm32f746g-disco_hal_lib.a(stm32f7xx_hal_rcc.o)
                              src/main.o (HAL_RCC_OscConfig)
C:\Users\Obelisk\workspace\stm32f746g-disco_hal_lib\Debug\libstm32f746g-disco_hal_lib.a(stm32f7xx_hal_rcc_ex.o)
                              C:\Users\Obelisk\workspace\stm32f746g-disco_hal_lib\Debug\libstm32f746g-disco_hal_lib.a(stm32746g_discovery_lcd.o) (HAL_RCCEx_PeriphCLKConfig)
C:\Users\Obelisk\workspace\stm32f746g-disco_hal_lib\Debug\libstm32f746g-disco_hal_lib.a(stm32f7xx_hal_sdram.o)
                              C:\Users\Obelisk\workspace\stm32f746g-disco_hal_lib\Debug\libstm32f746g-disco_hal_lib.a(stm32746g_discovery_sdram.o) (HAL_SDRAM_Init)
C:\Users\Obelisk\workspace\stm32f746g-disco_hal_lib\Debug\libstm32f746g-disco_hal_lib.a(stm32f7xx_ll_fmc.o)
                              C:\Users\Obelisk\workspace\stm32f746g-disco_hal_lib\Debug\libstm32f746g-disco_hal_lib.a(stm32f7xx_hal_sdram.o) (FMC_SDRAM_Init)
C:\Users\Obelisk\workspace\stm32f746g-disco_hal_lib\Debug\libstm32f746g-disco_hal_lib.a(stm32746g_discovery.o)
                              C:\Users\Obelisk\workspace\stm32f746g-disco_hal_lib\Debug\libstm32f746g-disco_hal_lib.a(ft5336.o) (TS_IO_Init)
C:\Users\Obelisk\workspace\stm32f746g-disco_hal_lib\Debug\libstm32f746g-disco_hal_lib.a(stm32f7xx_hal_i2c.o)
                              C:\Users\Obelisk\workspace\stm32f746g-disco_hal_lib\Debug\libstm32f746g-disco_hal_lib.a(stm32746g_discovery.o) (HAL_I2C_Init)
C:\Users\Obelisk\workspace\stm32f746g-disco_hal_lib\Debug\libstm32f746g-disco_hal_lib.a(stm32f7xx_hal_uart.o)
                              C:\Users\Obelisk\workspace\stm32f746g-disco_hal_lib\Debug\libstm32f746g-disco_hal_lib.a(stm32746g_discovery.o) (HAL_UART_Init)
c:/ac6/systemworkbench/plugins/fr.ac6.mcu.externaltools.arm-none.win32_1.7.0.201602121829/tools/compiler/bin/../lib/gcc/arm-none-eabi/5.2.1/../../../../arm-none-eabi/lib/armv7e-m/fpu/fpv5-sp-d16\libc.a(lib_a-errno.o)
                              src/syscalls.o (__errno)
c:/ac6/systemworkbench/plugins/fr.ac6.mcu.externaltools.arm-none.win32_1.7.0.201602121829/tools/compiler/bin/../lib/gcc/arm-none-eabi/5.2.1/../../../../arm-none-eabi/lib/armv7e-m/fpu/fpv5-sp-d16\libc.a(lib_a-exit.o)
[...]
Memory Configuration

Name             Origin             Length             Attributes
FLASH            0x08000000         0x00100000         xr
RAM              0x20000000         0x00050000         xrw
*default*        0x00000000         0xffffffff

Linker script and memory map

LOAD c:/ac6/systemworkbench/plugins/fr.ac6.mcu.externaltools.arm-none.win32_1.7.0.201602121829/tools/compiler/bin/../lib/gcc/arm-none-eabi/5.2.1/armv7e-m/fpu/fpv5-sp-d16/crti.o
LOAD c:/ac6/systemworkbench/plugins/fr.ac6.mcu.externaltools.arm-none.win32_1.7.0.201602121829/tools/compiler/bin/../lib/gcc/arm-none-eabi/5.2.1/armv7e-m/fpu/fpv5-sp-d16/crtbegin.o
LOAD c:/ac6/systemworkbench/plugins/fr.ac6.mcu.externaltools.arm-none.win32_1.7.0.201602121829/tools/compiler/bin/../lib/gcc/arm-none-eabi/5.2.1/../../../../arm-none-eabi/lib/armv7e-m/fpu/fpv5-sp-d16/crt0.o
LOAD c:/ac6/systemworkbench/plugins/fr.ac6.mcu.externaltools.arm-none.win32_1.7.0.201602121829/tools/compiler/bin/../lib/gcc/arm-none-eabi/5.2.1/../../../../arm-none-eabi/lib/armv7e-m/fpu/fpv5-sp-d16\libm.a
LOAD startup/startup_stm32f746xx.o
LOAD src/main.o
LOAD src/stm32f7xx_it.o
LOAD src/syscalls.o
LOAD src/system_stm32f7xx.o
LOAD C:\Users\Obelisk\workspace\stm32f746g-disco_hal_lib\Debug\libstm32f746g-disco_hal_lib.a
START GROUP
LOAD c:/ac6/systemworkbench/plugins/fr.ac6.mcu.externaltools.arm-none.win32_1.7.0.201602121829/tools/compiler/bin/../lib/gcc/arm-none-eabi/5.2.1/armv7e-m/fpu/fpv5-sp-d16\libgcc.a
LOAD c:/ac6/systemworkbench/plugins/fr.ac6.mcu.externaltools.arm-none.win32_1.7.0.201602121829/tools/compiler/bin/../lib/gcc/arm-none-eabi/5.2.1/../../../../arm-none-eabi/lib/armv7e-m/fpu/fpv5-sp-d16\libc.a
END GROUP
LOAD c:/ac6/systemworkbench/plugins/fr.ac6.mcu.externaltools.arm-none.win32_1.7.0.201602121829/tools/compiler/bin/../lib/gcc/arm-none-eabi/5.2.1/armv7e-m/fpu/fpv5-sp-d16/crtend.o
LOAD c:/ac6/systemworkbench/plugins/fr.ac6.mcu.externaltools.arm-none.win32_1.7.0.201602121829/tools/compiler/bin/../lib/gcc/arm-none-eabi/5.2.1/armv7e-m/fpu/fpv5-sp-d16/crtn.o
                0x20050000                _estack = 0x20050000
                0x00000200                _Min_Heap_Size = 0x200
                0x00000400                _Min_Stack_Size = 0x400

.isr_vector     0x08000000      0x1c8
                0x08000000                . = ALIGN (0x4)
 *(.isr_vector)
 .isr_vector    0x08000000      0x1c8 startup/startup_stm32f746xx.o
                0x08000000                g_pfnVectors
                0x080001c8                . = ALIGN (0x4)

.text           0x080001c8     0x5fc4
                0x080001c8                . = ALIGN (0x4)
 *(.text)
 .text          0x080001c8       0xa4 c:/ac6/systemworkbench/plugins/fr.ac6.mcu.externaltools.arm-none.win32_1.7.0.201602121829/tools/compiler/bin/../lib/gcc/arm-none-eabi/5.2.1/armv7e-m/fpu/fpv5-sp-d16/crtbegin.o
 *(.text*)
 .text.Reset_Handler
                0x0800026c       0x50 startup/startup_stm32f746xx.o
                0x0800026c                Reset_Handler
 .text.Default_Handler
                0x080002bc        0x2 startup/startup_stm32f746xx.o
                0x080002bc                RTC_Alarm_IRQHandler
                0x080002bc                EXTI2_IRQHandler
                0x080002bc                TIM8_CC_IRQHandler
                0x080002bc                DebugMon_Handler
                0x080002bc                UART8_IRQHandler
                0x080002bc                SPI4_IRQHandler
                0x080002bc                TIM1_CC_IRQHandler
                0x080002bc                DMA2_Stream5_IRQHandler
                0x080002bc                HardFault_Handler
                0x080002bc                DMA1_Stream5_IRQHandler
                0x080002bc                PVD_IRQHandler
                0x080002bc                TAMP_STAMP_IRQHandler
                0x080002bc                PendSV_Handler
                0x080002bc                NMI_Handler
                0x080002bc                CAN2_RX1_IRQHandler
                0x080002bc                EXTI3_IRQHandler
                0x080002bc                TIM8_TRG_COM_TIM14_IRQHandler
                0x080002bc                TIM1_UP_TIM10_IRQHandler
                0x080002bc                TIM8_UP_TIM13_IRQHandler
                0x080002bc                I2C3_ER_IRQHandler
                0x080002bc                EXTI0_IRQHandler
                0x080002bc                I2C2_EV_IRQHandler
                0x080002bc                DMA1_Stream2_IRQHandler
                0x080002bc                CAN1_RX0_IRQHandler
                0x080002bc                FPU_IRQHandler
                0x080002bc                OTG_HS_WKUP_IRQHandler
                0x080002bc                UsageFault_Handler
                0x080002bc                LTDC_ER_IRQHandler
                0x080002bc                CAN2_SCE_IRQHandler
                0x080002bc                DMA2_Stream2_IRQHandler
                0x080002bc                SPI1_IRQHandler
                0x080002bc                TIM6_DAC_IRQHandler
                0x080002bc                TIM1_BRK_TIM9_IRQHandler
                0x080002bc                DCMI_IRQHandler
                0x080002bc                CAN2_RX0_IRQHandler
                0x080002bc                DMA2_Stream3_IRQHandler
                0x080002bc                SAI2_IRQHandler
                0x080002bc                USART6_IRQHandler
                0x080002bc                USART3_IRQHandler
                0x080002bc                CAN1_RX1_IRQHandler
                0x080002bc                UART5_IRQHandler
                0x080002bc                DMA2_Stream0_IRQHandler
                0x080002bc                TIM4_IRQHandler
                0x080002bc                QUADSPI_IRQHandler
                0x080002bc                I2C1_EV_IRQHandler
                0x080002bc                DMA1_Stream6_IRQHandler
                0x080002bc                DMA1_Stream1_IRQHandler
                0x080002bc                UART4_IRQHandler
                0x080002bc                TIM3_IRQHandler
                0x080002bc                RCC_IRQHandler
                0x080002bc                TIM8_BRK_TIM12_IRQHandler
                0x080002bc                Default_Handler
                0x080002bc                CEC_IRQHandler
                0x080002bc                EXTI15_10_IRQHandler
                0x080002bc                ADC_IRQHandler
                0x080002bc                DMA1_Stream7_IRQHandler
                0x080002bc                SPI5_IRQHandler
                0x080002bc                TIM7_IRQHandler
                0x080002bc                SDMMC1_IRQHandler
                0x080002bc                CAN2_TX_IRQHandler
                0x080002bc                TIM5_IRQHandler
                0x080002bc                DMA2_Stream7_IRQHandler
                0x080002bc                I2C3_EV_IRQHandler
                0x080002bc                EXTI9_5_IRQHandler
                0x080002bc                RTC_WKUP_IRQHandler
                0x080002bc                LTDC_IRQHandler
                0x080002bc                ETH_WKUP_IRQHandler
                0x080002bc                SPDIF_RX_IRQHandler
                0x080002bc                SPI2_IRQHandler
                0x080002bc                OTG_HS_EP1_IN_IRQHandler
                0x080002bc                MemManage_Handler
                0x080002bc                DMA1_Stream0_IRQHandler
                0x080002bc                CAN1_TX_IRQHandler
                0x080002bc                SVC_Handler
                0x080002bc                EXTI4_IRQHandler
                0x080002bc                RNG_IRQHandler
                0x080002bc                ETH_IRQHandler
                0x080002bc                OTG_HS_EP1_OUT_IRQHandler
                0x080002bc                WWDG_IRQHandler
                0x080002bc                SPI6_IRQHandler
                0x080002bc                I2C4_EV_IRQHandler
                0x080002bc                TIM2_IRQHandler
                0x080002bc                OTG_FS_WKUP_IRQHandler
                0x080002bc                TIM1_TRG_COM_TIM11_IRQHandler
                0x080002bc                OTG_HS_IRQHandler
                0x080002bc                DMA2D_IRQHandler
                0x080002bc                EXTI1_IRQHandler
                0x080002bc                UART7_IRQHandler
                0x080002bc                USART2_IRQHandler
                0x080002bc                I2C2_ER_IRQHandler
                0x080002bc                DMA2_Stream1_IRQHandler
                0x080002bc                CAN1_SCE_IRQHandler
                0x080002bc                FLASH_IRQHandler
                0x080002bc                DMA2_Stream4_IRQHandler
                0x080002bc                BusFault_Handler
                0x080002bc                USART1_IRQHandler
                0x080002bc                OTG_FS_IRQHandler
                0x080002bc                SPI3_IRQHandler
                0x080002bc                DMA1_Stream4_IRQHandler
                0x080002bc                I2C1_ER_IRQHandler
                0x080002bc                FMC_IRQHandler
                0x080002bc                LPTIM1_IRQHandler
                0x080002bc                I2C4_ER_IRQHandler
                0x080002bc                DMA2_Stream6_IRQHandler
                0x080002bc                SAI1_IRQHandler
                0x080002bc                DMA1_Stream3_IRQHandler
 *fill*         0x080002be        0x2 
 .text.SCB_EnableICache
                0x080002c0       0x38 src/main.o
 .text.SCB_EnableDCache
                0x080002f8       0x80 src/main.o
 .text.HAL_MPU_Disable
                0x08000378       0x30 src/main.o
 .text.HAL_MPU_Enable
                0x080003a8       0x34 src/main.o
 .text.main     0x080003dc      0x110 src/main.o
                0x080003dc                main
 .text.Setup    0x080004ec       0x18 src/main.o
                0x080004ec                Setup
 .text.LCD_TEXT_DEFAULT
                0x08000504       0x24 src/main.o
                0x08000504                LCD_TEXT_DEFAULT
 .text.Display_LCD_Button
                0x08000528       0xb8 src/main.o
                0x08000528                Display_LCD_Button
 .text.SystemClock_Config
                0x080005e0       0x88 src/main.o
 .text.Error_Handler
                0x08000668        0x8 src/main.o
 .text.MPU_Config
                0x08000670       0x50 src/main.o
 .text.CPU_CACHE_Enable
                0x080006c0       0x10 src/main.o
 .text.SysTick_Handler
                0x080006d0       0x10 src/stm32f7xx_it.o
                0x080006d0                SysTick_Handler
 .text.SystemInit
                0x080006e0       0x6c src/system_stm32f7xx.o
                0x080006e0                SystemInit
 .text.BSP_LCD_Init
                0x0800074c       0xe0 C:\Users\Obelisk\workspace\stm32f746g-disco_hal_lib\Debug\libstm32f746g-disco_hal_lib.a(stm32746g_discovery_lcd.o)
                0x0800074c                BSP_LCD_Init
 .text.BSP_LCD_GetXSize
                0x0800082c       0x28 C:\Users\Obelisk\workspace\stm32f746g-disco_hal_lib\Debug\libstm32f746g-disco_hal_lib.a(stm32746g_discovery_lcd.o)
                0x0800082c                BSP_LCD_GetXSize
 .text.BSP_LCD_GetYSize
                0x08000854       0x28 C:\Users\Obelisk\workspace\stm32f746g-disco_hal_lib\Debug\libstm32f746g-disco_hal_lib.a(stm32746g_discovery_lcd.o)
                0x08000854                BSP_LCD_GetYSize
 .text.BSP_LCD_LayerDefaultInit
                0x0800087c       0xc0 C:\Users\Obelisk\workspace\stm32f746g-disco_hal_lib\Debug\libstm32f746g-disco_hal_lib.a(stm32746g_discovery_lcd.o)
                0x0800087c                BSP_LCD_LayerDefaultInit
 .text.BSP_LCD_SelectLayer
                0x0800093c       0x20 C:\Users\Obelisk\workspace\stm32f746g-disco_hal_lib\Debug\libstm32f746g-disco_hal_lib.a(stm32746g_discovery_lcd.o)
                0x0800093c                BSP_LCD_SelectLayer
 .text.BSP_LCD_SetLayerVisible
                0x0800095c       0x80 C:\Users\Obelisk\workspace\stm32f746g-disco_hal_lib\Debug\libstm32f746g-disco_hal_lib.a(stm32746g_discovery_lcd.o)
                0x0800095c                BSP_LCD_SetLayerVisible
 .text.BSP_LCD_SetTextColor
                0x080009dc       0x30 C:\Users\Obelisk\workspace\stm32f746g-disco_hal_lib\Debug\libstm32f746g-disco_hal_lib.a(stm32746g_discovery_lcd.o)
                0x080009dc                BSP_LCD_SetTextColor
 .text.BSP_LCD_SetBackColor
                0x08000a0c       0x34 C:\Users\Obelisk\workspace\stm32f746g-disco_hal_lib\Debug\libstm32f746g-disco_hal_lib.a(stm32746g_discovery_lcd.o)
                0x08000a0c                BSP_LCD_SetBackColor
 .text.BSP_LCD_SetFont
                0x08000a40       0x34 C:\Users\Obelisk\workspace\stm32f746g-disco_hal_lib\Debug\libstm32f746g-disco_hal_lib.a(stm32746g_discovery_lcd.o)
                0x08000a40                BSP_LCD_SetFont
 .text.BSP_LCD_Clear
                0x08000a74       0x50 C:\Users\Obelisk\workspace\stm32f746g-disco_hal_lib\Debug\libstm32f746g-disco_hal_lib.a(stm32746g_discovery_lcd.o)
                0x08000a74                BSP_LCD_Clear
 .text.BSP_LCD_DisplayChar
                0x08000ac4       0x88 C:\Users\Obelisk\workspace\stm32f746g-disco_hal_lib\Debug\libstm32f746g-disco_hal_lib.a(stm32746g_discovery_lcd.o)
                0x08000ac4                BSP_LCD_DisplayChar
 .text.BSP_LCD_DisplayStringAt
                0x08000b4c      0x188 C:\Users\Obelisk\workspace\stm32f746g-disco_hal_lib\Debug\libstm32f746g-disco_hal_lib.a(stm32746g_discovery_lcd.o)
                0x08000b4c                BSP_LCD_DisplayStringAt
 .text.BSP_LCD_DrawHLine
                0x08000cd4       0xbc C:\Users\Obelisk\workspace\stm32f746g-disco_hal_lib\Debug\libstm32f746g-disco_hal_lib.a(stm32746g_discovery_lcd.o)
                0x08000cd4                BSP_LCD_DrawHLine
 .text.BSP_LCD_DrawCircle
                0x08000d90      0x1e0 C:\Users\Obelisk\workspace\stm32f746g-disco_hal_lib\Debug\libstm32f746g-disco_hal_lib.a(stm32746g_discovery_lcd.o)
                0x08000d90                BSP_LCD_DrawCircle
 .text.BSP_LCD_DrawPixel
                0x08000f70       0x90 C:\Users\Obelisk\workspace\stm32f746g-disco_hal_lib\Debug\libstm32f746g-disco_hal_lib.a(stm32746g_discovery_lcd.o)
                0x08000f70                BSP_LCD_DrawPixel
 .text.BSP_LCD_FillCircle
                0x08001000      0x140 C:\Users\Obelisk\workspace\stm32f746g-disco_hal_lib\Debug\libstm32f746g-disco_hal_lib.a(stm32746g_discovery_lcd.o)
                0x08001000                BSP_LCD_FillCircle
 .text.BSP_LCD_DisplayOn
                0x08001140       0x3c C:\Users\Obelisk\workspace\stm32f746g-disco_hal_lib\Debug\libstm32f746g-disco_hal_lib.a(stm32746g_discovery_lcd.o)
                0x08001140                BSP_LCD_DisplayOn
 .text.BSP_LCD_MspInit
                0x0800117c      0x1d8 C:\Users\Obelisk\workspace\stm32f746g-disco_hal_lib\Debug\libstm32f746g-disco_hal_lib.a(stm32746g_discovery_lcd.o)
                0x0800117c                BSP_LCD_MspInit
 .text.BSP_LCD_ClockConfig
                0x08001354       0x38 C:\Users\Obelisk\workspace\stm32f746g-disco_hal_lib\Debug\libstm32f746g-disco_hal_lib.a(stm32746g_discovery_lcd.o)
                0x08001354                BSP_LCD_ClockConfig
 .text.DrawChar
                0x0800138c      0x170 C:\Users\Obelisk\workspace\stm32f746g-disco_hal_lib\Debug\libstm32f746g-disco_hal_lib.a(stm32746g_discovery_lcd.o)
 .text.LL_FillBuffer
                0x080014fc       0x98 C:\Users\Obelisk\workspace\stm32f746g-disco_hal_lib\Debug\libstm32f746g-disco_hal_lib.a(stm32746g_discovery_lcd.o)
 .text.BSP_SDRAM_Init
                0x08001594       0xbc C:\Users\Obelisk\workspace\stm32f746g-disco_hal_lib\Debug\libstm32f746g-disco_hal_lib.a(stm32746g_discovery_sdram.o)
                0x08001594                BSP_SDRAM_Init
 .text.BSP_SDRAM_Initialization_sequence
                0x08001650       0xc0 C:\Users\Obelisk\workspace\stm32f746g-disco_hal_lib\Debug\libstm32f746g-disco_hal_lib.a(stm32746g_discovery_sdram.o)
                0x08001650                BSP_SDRAM_Initialization_sequence
 .text.BSP_SDRAM_MspInit
                0x08001710      0x210 C:\Users\Obelisk\workspace\stm32f746g-disco_hal_lib\Debug\libstm32f746g-disco_hal_lib.a(stm32746g_discovery_sdram.o)
                0x08001710                BSP_SDRAM_MspInit
 .text.BSP_TS_Init
                0x08001920       0x80 C:\Users\Obelisk\workspace\stm32f746g-disco_hal_lib\Debug\libstm32f746g-disco_hal_lib.a(stm32746g_discovery_ts.o)
                0x08001920                BSP_TS_Init
 .text.BSP_TS_GetState
                0x080019a0      0x3ac C:\Users\Obelisk\workspace\stm32f746g-disco_hal_lib\Debug\libstm32f746g-disco_hal_lib.a(stm32746g_discovery_ts.o)
                0x080019a0                BSP_TS_GetState
 .text.BSP_TS_Get_GestureId
                0x08001d4c       0x94 C:\Users\Obelisk\workspace\stm32f746g-disco_hal_lib\Debug\libstm32f746g-disco_hal_lib.a(stm32746g_discovery_ts.o)
                0x08001d4c                BSP_TS_Get_GestureId
 .text.ft5336_Init
                0x08001de0       0x1c C:\Users\Obelisk\workspace\stm32f746g-disco_hal_lib\Debug\libstm32f746g-disco_hal_lib.a(ft5336.o)
                0x08001de0                ft5336_Init
 .text.ft5336_Reset
                0x08001dfc       0x18 C:\Users\Obelisk\workspace\stm32f746g-disco_hal_lib\Debug\libstm32f746g-disco_hal_lib.a(ft5336.o)
                0x08001dfc                ft5336_Reset
 .text.ft5336_ReadID
                0x08001e14       0x5c C:\Users\Obelisk\workspace\stm32f746g-disco_hal_lib\Debug\libstm32f746g-disco_hal_lib.a(ft5336.o)
                0x08001e14                ft5336_ReadID
 .text.ft5336_TS_Start
                0x08001e70       0x24 C:\Users\Obelisk\workspace\stm32f746g-disco_hal_lib\Debug\libstm32f746g-disco_hal_lib.a(ft5336.o)
                0x08001e70                ft5336_TS_Start
 .text.ft5336_TS_DetectTouch
                0x08001e94       0x54 C:\Users\Obelisk\workspace\stm32f746g-disco_hal_lib\Debug\libstm32f746g-disco_hal_lib.a(ft5336.o)
                0x08001e94                ft5336_TS_DetectTouch
 .text.ft5336_TS_GetXY
                0x08001ee8      0x1e0 C:\Users\Obelisk\workspace\stm32f746g-disco_hal_lib\Debug\libstm32f746g-disco_hal_lib.a(ft5336.o)
                0x08001ee8                ft5336_TS_GetXY
 .text.ft5336_TS_EnableIT
                0x080020c8       0x28 C:\Users\Obelisk\workspace\stm32f746g-disco_hal_lib\Debug\libstm32f746g-disco_hal_lib.a(ft5336.o)
                0x080020c8                ft5336_TS_EnableIT
 .text.ft5336_TS_DisableIT
                0x080020f0       0x28 C:\Users\Obelisk\workspace\stm32f746g-disco_hal_lib\Debug\libstm32f746g-disco_hal_lib.a(ft5336.o)
                0x080020f0                ft5336_TS_DisableIT
 .text.ft5336_TS_ITStatus
                0x08002118       0x18 C:\Users\Obelisk\workspace\stm32f746g-disco_hal_lib\Debug\libstm32f746g-disco_hal_lib.a(ft5336.o)
                0x08002118                ft5336_TS_ITStatus
 .text.ft5336_TS_ClearIT
                0x08002130       0x18 C:\Users\Obelisk\workspace\stm32f746g-disco_hal_lib\Debug\libstm32f746g-disco_hal_lib.a(ft5336.o)
                0x08002130                ft5336_TS_ClearIT
 .text.ft5336_TS_GetGestureID
                0x08002148       0x34 C:\Users\Obelisk\workspace\stm32f746g-disco_hal_lib\Debug\libstm32f746g-disco_hal_lib.a(ft5336.o)
                0x08002148                ft5336_TS_GetGestureID
 .text.ft5336_TS_GetTouchInfo
                0x0800217c      0x160 C:\Users\Obelisk\workspace\stm32f746g-disco_hal_lib\Debug\libstm32f746g-disco_hal_lib.a(ft5336.o)
                0x0800217c                ft5336_TS_GetTouchInfo
 .text.ft5336_Get_I2C_InitializedStatus
                0x080022dc       0x18 C:\Users\Obelisk\workspace\stm32f746g-disco_hal_lib\Debug\libstm32f746g-disco_hal_lib.a(ft5336.o)
 .text.ft5336_I2C_InitializeIfRequired
                0x080022f4       0x20 C:\Users\Obelisk\workspace\stm32f746g-disco_hal_lib\Debug\libstm32f746g-disco_hal_lib.a(ft5336.o)
 .text.ft5336_TS_Configure
                0x08002314       0x1c C:\Users\Obelisk\workspace\stm32f746g-disco_hal_lib\Debug\libstm32f746g-disco_hal_lib.a(ft5336.o)
 .text.HAL_Init
                0x08002330       0x2c C:\Users\Obelisk\workspace\stm32f746g-disco_hal_lib\Debug\libstm32f746g-disco_hal_lib.a(stm32f7xx_hal.o)
                0x08002330                HAL_Init
 .text.HAL_MspInit
                0x0800235c       0x10 C:\Users\Obelisk\workspace\stm32f746g-disco_hal_lib\Debug\libstm32f746g-disco_hal_lib.a(stm32f7xx_hal.o)
                0x0800235c                HAL_MspInit
 .text.HAL_InitTick
                0x0800236c       0x38 C:\Users\Obelisk\workspace\stm32f746g-disco_hal_lib\Debug\libstm32f746g-disco_hal_lib.a(stm32f7xx_hal.o)
                0x0800236c                HAL_InitTick
 .text.HAL_IncTick
                0x080023a4       0x1c C:\Users\Obelisk\workspace\stm32f746g-disco_hal_lib\Debug\libstm32f746g-disco_hal_lib.a(stm32f7xx_hal.o)
                0x080023a4                HAL_IncTick
 .text.HAL_GetTick
                0x080023c0       0x18 C:\Users\Obelisk\workspace\stm32f746g-disco_hal_lib\Debug\libstm32f746g-disco_hal_lib.a(stm32f7xx_hal.o)
                0x080023c0                HAL_GetTick
 .text.HAL_Delay
                0x080023d8       0x2c C:\Users\Obelisk\workspace\stm32f746g-disco_hal_lib\Debug\libstm32f746g-disco_hal_lib.a(stm32f7xx_hal.o)
                0x080023d8                HAL_Delay
 .text.NVIC_SetPriorityGrouping
                0x08002404       0x48 C:\Users\Obelisk\workspace\stm32f746g-disco_hal_lib\Debug\libstm32f746g-disco_hal_lib.a(stm32f7xx_hal_cortex.o)
 .text.NVIC_GetPriorityGrouping
                0x0800244c       0x1c C:\Users\Obelisk\workspace\stm32f746g-disco_hal_lib\Debug\libstm32f746g-disco_hal_lib.a(stm32f7xx_hal_cortex.o)
 .text.NVIC_EnableIRQ
                0x08002468       0x34 C:\Users\Obelisk\workspace\stm32f746g-disco_hal_lib\Debug\libstm32f746g-disco_hal_lib.a(stm32f7xx_hal_cortex.o)
 .text.NVIC_SetPriority
                0x0800249c       0x54 C:\Users\Obelisk\workspace\stm32f746g-disco_hal_lib\Debug\libstm32f746g-disco_hal_lib.a(stm32f7xx_hal_cortex.o)
 .text.NVIC_EncodePriority
                0x080024f0       0x64 C:\Users\Obelisk\workspace\stm32f746g-disco_hal_lib\Debug\libstm32f746g-disco_hal_lib.a(stm32f7xx_hal_cortex.o)
 .text.SysTick_Config
                0x08002554       0x44 C:\Users\Obelisk\workspace\stm32f746g-disco_hal_lib\Debug\libstm32f746g-disco_hal_lib.a(stm32f7xx_hal_cortex.o)
 .text.HAL_NVIC_SetPriorityGrouping
                0x08002598       0x18 C:\Users\Obelisk\workspace\stm32f746g-disco_hal_lib\Debug\libstm32f746g-disco_hal_lib.a(stm32f7xx_hal_cortex.o)
                0x08002598                HAL_NVIC_SetPriorityGrouping
 .text.HAL_NVIC_SetPriority
                0x080025b0       0x38 C:\Users\Obelisk\workspace\stm32f746g-disco_hal_lib\Debug\libstm32f746g-disco_hal_lib.a(stm32f7xx_hal_cortex.o)
                0x080025b0                HAL_NVIC_SetPriority
 .text.HAL_NVIC_EnableIRQ
                0x080025e8       0x1c C:\Users\Obelisk\workspace\stm32f746g-disco_hal_lib\Debug\libstm32f746g-disco_hal_lib.a(stm32f7xx_hal_cortex.o)
                0x080025e8                HAL_NVIC_EnableIRQ
 .text.HAL_SYSTICK_Config
                0x08002604       0x18 C:\Users\Obelisk\workspace\stm32f746g-disco_hal_lib\Debug\libstm32f746g-disco_hal_lib.a(stm32f7xx_hal_cortex.o)
                0x08002604                HAL_SYSTICK_Config
 .text.HAL_MPU_ConfigRegion
                0x0800261c       0x88 C:\Users\Obelisk\workspace\stm32f746g-disco_hal_lib\Debug\libstm32f746g-disco_hal_lib.a(stm32f7xx_hal_cortex.o)
                0x0800261c                HAL_MPU_ConfigRegion
 .text.HAL_SYSTICK_IRQHandler
                0x080026a4        0xc C:\Users\Obelisk\workspace\stm32f746g-disco_hal_lib\Debug\libstm32f746g-disco_hal_lib.a(stm32f7xx_hal_cortex.o)
                0x080026a4                HAL_SYSTICK_IRQHandler
 .text.HAL_SYSTICK_Callback
                0x080026b0       0x10 C:\Users\Obelisk\workspace\stm32f746g-disco_hal_lib\Debug\libstm32f746g-disco_hal_lib.a(stm32f7xx_hal_cortex.o)
                0x080026b0                HAL_SYSTICK_Callback
 .text.HAL_DMA_Init
                0x080026c0       0xd8 C:\Users\Obelisk\workspace\stm32f746g-disco_hal_lib\Debug\libstm32f746g-disco_hal_lib.a(stm32f7xx_hal_dma.o)
                0x080026c0                HAL_DMA_Init
 .text.HAL_DMA_DeInit
                0x08002798       0x9c C:\Users\Obelisk\workspace\stm32f746g-disco_hal_lib\Debug\libstm32f746g-disco_hal_lib.a(stm32f7xx_hal_dma.o)
                0x08002798                HAL_DMA_DeInit
 .text.DMA_CalcBaseAndBitshift
                0x08002834       0x6c C:\Users\Obelisk\workspace\stm32f746g-disco_hal_lib\Debug\libstm32f746g-disco_hal_lib.a(stm32f7xx_hal_dma.o)
 .text.HAL_DMA2D_Init
                0x080028a0       0xbc C:\Users\Obelisk\workspace\stm32f746g-disco_hal_lib\Debug\libstm32f746g-disco_hal_lib.a(stm32f7xx_hal_dma2d.o)
                0x080028a0                HAL_DMA2D_Init
 .text.HAL_DMA2D_MspInit
                0x0800295c       0x14 C:\Users\Obelisk\workspace\stm32f746g-disco_hal_lib\Debug\libstm32f746g-disco_hal_lib.a(stm32f7xx_hal_dma2d.o)
                0x0800295c                HAL_DMA2D_MspInit
 .text.HAL_DMA2D_Start
                0x08002970       0x68 C:\Users\Obelisk\workspace\stm32f746g-disco_hal_lib\Debug\libstm32f746g-disco_hal_lib.a(stm32f7xx_hal_dma2d.o)
                0x08002970                HAL_DMA2D_Start
 .text.HAL_DMA2D_PollForTransfer
                0x080029d8      0x160 C:\Users\Obelisk\workspace\stm32f746g-disco_hal_lib\Debug\libstm32f746g-disco_hal_lib.a(stm32f7xx_hal_dma2d.o)
                0x080029d8                HAL_DMA2D_PollForTransfer
 .text.HAL_DMA2D_ConfigLayer
                0x08002b38      0x1b8 C:\Users\Obelisk\workspace\stm32f746g-disco_hal_lib\Debug\libstm32f746g-disco_hal_lib.a(stm32f7xx_hal_dma2d.o)
                0x08002b38                HAL_DMA2D_ConfigLayer
 .text.DMA2D_SetConfig
                0x08002cf0      0x144 C:\Users\Obelisk\workspace\stm32f746g-disco_hal_lib\Debug\libstm32f746g-disco_hal_lib.a(stm32f7xx_hal_dma2d.o)
 .text.HAL_GPIO_Init
                0x08002e34      0x358 C:\Users\Obelisk\workspace\stm32f746g-disco_hal_lib\Debug\libstm32f746g-disco_hal_lib.a(stm32f7xx_hal_gpio.o)
                0x08002e34                HAL_GPIO_Init
 .text.HAL_GPIO_WritePin
                0x0800318c       0x34 C:\Users\Obelisk\workspace\stm32f746g-disco_hal_lib\Debug\libstm32f746g-disco_hal_lib.a(stm32f7xx_hal_gpio.o)
                0x0800318c                HAL_GPIO_WritePin
 .text.HAL_LTDC_Init
                0x080031c0      0x1b8 C:\Users\Obelisk\workspace\stm32f746g-disco_hal_lib\Debug\libstm32f746g-disco_hal_lib.a(stm32f7xx_hal_ltdc.o)
                0x080031c0                HAL_LTDC_Init
 .text.HAL_LTDC_MspInit
                0x08003378       0x14 C:\Users\Obelisk\workspace\stm32f746g-disco_hal_lib\Debug\libstm32f746g-disco_hal_lib.a(stm32f7xx_hal_ltdc.o)
                0x08003378                HAL_LTDC_MspInit
 .text.HAL_LTDC_ConfigLayer
                0x0800338c       0x7c C:\Users\Obelisk\workspace\stm32f746g-disco_hal_lib\Debug\libstm32f746g-disco_hal_lib.a(stm32f7xx_hal_ltdc.o)
                0x0800338c                HAL_LTDC_ConfigLayer
 .text.HAL_LTDC_GetState
                0x08003408       0x1c C:\Users\Obelisk\workspace\stm32f746g-disco_hal_lib\Debug\libstm32f746g-disco_hal_lib.a(stm32f7xx_hal_ltdc.o)
                0x08003408                HAL_LTDC_GetState
 .text.LTDC_SetConfig
                0x08003424      0x354 C:\Users\Obelisk\workspace\stm32f746g-disco_hal_lib\Debug\libstm32f746g-disco_hal_lib.a(stm32f7xx_hal_ltdc.o)
 .text.HAL_PWREx_EnableOverDrive
                0x08003778       0xa0 C:\Users\Obelisk\workspace\stm32f746g-disco_hal_lib\Debug\libstm32f746g-disco_hal_lib.a(stm32f7xx_hal_pwr_ex.o)
                0x08003778                HAL_PWREx_EnableOverDrive
 .text.HAL_RCC_OscConfig
                0x08003818      0x5ac C:\Users\Obelisk\workspace\stm32f746g-disco_hal_lib\Debug\libstm32f746g-disco_hal_lib.a(stm32f7xx_hal_rcc.o)
                0x08003818                HAL_RCC_OscConfig
 .text.HAL_RCC_ClockConfig
                0x08003dc4      0x2c4 C:\Users\Obelisk\workspace\stm32f746g-disco_hal_lib\Debug\libstm32f746g-disco_hal_lib.a(stm32f7xx_hal_rcc.o)
                0x08003dc4                HAL_RCC_ClockConfig
 .text.HAL_RCC_GetSysClockFreq
                0x08004088       0xfc C:\Users\Obelisk\workspace\stm32f746g-disco_hal_lib\Debug\libstm32f746g-disco_hal_lib.a(stm32f7xx_hal_rcc.o)
                0x08004088                HAL_RCC_GetSysClockFreq
 .text.HAL_RCC_GetHCLKFreq
                0x08004184       0x50 C:\Users\Obelisk\workspace\stm32f746g-disco_hal_lib\Debug\libstm32f746g-disco_hal_lib.a(stm32f7xx_hal_rcc.o)
                0x08004184                HAL_RCC_GetHCLKFreq
 .text.HAL_RCCEx_PeriphCLKConfig
                0x080041d4      0xe04 C:\Users\Obelisk\workspace\stm32f746g-disco_hal_lib\Debug\libstm32f746g-disco_hal_lib.a(stm32f7xx_hal_rcc_ex.o)
                0x080041d4                HAL_RCCEx_PeriphCLKConfig
 .text.HAL_SDRAM_Init
                0x08004fd8       0x68 C:\Users\Obelisk\workspace\stm32f746g-disco_hal_lib\Debug\libstm32f746g-disco_hal_lib.a(stm32f7xx_hal_sdram.o)
                0x08004fd8                HAL_SDRAM_Init
 .text.HAL_SDRAM_MspInit
                0x08005040       0x14 C:\Users\Obelisk\workspace\stm32f746g-disco_hal_lib\Debug\libstm32f746g-disco_hal_lib.a(stm32f7xx_hal_sdram.o)
                0x08005040                HAL_SDRAM_MspInit
 .text.HAL_SDRAM_SendCommand
                0x08005054       0x58 C:\Users\Obelisk\workspace\stm32f746g-disco_hal_lib\Debug\libstm32f746g-disco_hal_lib.a(stm32f7xx_hal_sdram.o)
                0x08005054                HAL_SDRAM_SendCommand
 .text.HAL_SDRAM_ProgramRefreshRate
                0x080050ac       0x40 C:\Users\Obelisk\workspace\stm32f746g-disco_hal_lib\Debug\libstm32f746g-disco_hal_lib.a(stm32f7xx_hal_sdram.o)
                0x080050ac                HAL_SDRAM_ProgramRefreshRate
 .text.FMC_SDRAM_Init
                0x080050ec       0xe4 C:\Users\Obelisk\workspace\stm32f746g-disco_hal_lib\Debug\libstm32f746g-disco_hal_lib.a(stm32f7xx_ll_fmc.o)
                0x080050ec                FMC_SDRAM_Init
 .text.FMC_SDRAM_Timing_Init
                0x080051d0       0xfc C:\Users\Obelisk\workspace\stm32f746g-disco_hal_lib\Debug\libstm32f746g-disco_hal_lib.a(stm32f7xx_ll_fmc.o)
                0x080051d0                FMC_SDRAM_Timing_Init
 .text.FMC_SDRAM_SendCommand
                0x080052cc       0x78 C:\Users\Obelisk\workspace\stm32f746g-disco_hal_lib\Debug\libstm32f746g-disco_hal_lib.a(stm32f7xx_ll_fmc.o)
                0x080052cc                FMC_SDRAM_SendCommand
 .text.FMC_SDRAM_ProgramRefreshRate
                0x08005344       0x28 C:\Users\Obelisk\workspace\stm32f746g-disco_hal_lib\Debug\libstm32f746g-disco_hal_lib.a(stm32f7xx_ll_fmc.o)
                0x08005344                FMC_SDRAM_ProgramRefreshRate
 .text.I2Cx_MspInit
                0x0800536c      0x170 C:\Users\Obelisk\workspace\stm32f746g-disco_hal_lib\Debug\libstm32f746g-disco_hal_lib.a(stm32746g_discovery.o)
 .text.I2Cx_Init
                0x080054dc       0x78 C:\Users\Obelisk\workspace\stm32f746g-disco_hal_lib\Debug\libstm32f746g-disco_hal_lib.a(stm32746g_discovery.o)
 .text.I2Cx_ReadMultiple
                0x08005554       0x5c C:\Users\Obelisk\workspace\stm32f746g-disco_hal_lib\Debug\libstm32f746g-disco_hal_lib.a(stm32746g_discovery.o)
 .text.I2Cx_WriteMultiple
                0x080055b0       0x5c C:\Users\Obelisk\workspace\stm32f746g-disco_hal_lib\Debug\libstm32f746g-disco_hal_lib.a(stm32746g_discovery.o)
 .text.I2Cx_Error
                0x0800560c       0x20 C:\Users\Obelisk\workspace\stm32f746g-disco_hal_lib\Debug\libstm32f746g-disco_hal_lib.a(stm32746g_discovery.o)
 .text.TS_IO_Init
                0x0800562c       0x14 C:\Users\Obelisk\workspace\stm32f746g-disco_hal_lib\Debug\libstm32f746g-disco_hal_lib.a(stm32746g_discovery.o)
                0x0800562c                TS_IO_Init
 .text.TS_IO_Write
                0x08005640       0x34 C:\Users\Obelisk\workspace\stm32f746g-disco_hal_lib\Debug\libstm32f746g-disco_hal_lib.a(stm32746g_discovery.o)
                0x08005640                TS_IO_Write
 .text.TS_IO_Read
                0x08005674       0x3c C:\Users\Obelisk\workspace\stm32f746g-disco_hal_lib\Debug\libstm32f746g-disco_hal_lib.a(stm32746g_discovery.o)
                0x08005674                TS_IO_Read
 .text.TS_IO_Delay
                0x080056b0       0x18 C:\Users\Obelisk\workspace\stm32f746g-disco_hal_lib\Debug\libstm32f746g-disco_hal_lib.a(stm32746g_discovery.o)
                0x080056b0                TS_IO_Delay
 .text.HAL_I2C_Init
                0x080056c8      0x108 C:\Users\Obelisk\workspace\stm32f746g-disco_hal_lib\Debug\libstm32f746g-disco_hal_lib.a(stm32f7xx_hal_i2c.o)
                0x080056c8                HAL_I2C_Init
 .text.HAL_I2C_DeInit
                0x080057d0       0x50 C:\Users\Obelisk\workspace\stm32f746g-disco_hal_lib\Debug\libstm32f746g-disco_hal_lib.a(stm32f7xx_hal_i2c.o)
                0x080057d0                HAL_I2C_DeInit
 .text.HAL_I2C_MspInit
                0x08005820       0x14 C:\Users\Obelisk\workspace\stm32f746g-disco_hal_lib\Debug\libstm32f746g-disco_hal_lib.a(stm32f7xx_hal_i2c.o)
                0x08005820                HAL_I2C_MspInit
 .text.HAL_I2C_MspDeInit
                0x08005834       0x14 C:\Users\Obelisk\workspace\stm32f746g-disco_hal_lib\Debug\libstm32f746g-disco_hal_lib.a(stm32f7xx_hal_i2c.o)
                0x08005834                HAL_I2C_MspDeInit
 .text.HAL_I2C_Mem_Write
                0x08005848      0x1d0 C:\Users\Obelisk\workspace\stm32f746g-disco_hal_lib\Debug\libstm32f746g-disco_hal_lib.a(stm32f7xx_hal_i2c.o)
                0x08005848                HAL_I2C_Mem_Write
 .text.HAL_I2C_Mem_Read
                0x08005a18      0x1cc C:\Users\Obelisk\workspace\stm32f746g-disco_hal_lib\Debug\libstm32f746g-disco_hal_lib.a(stm32f7xx_hal_i2c.o)
                0x08005a18                HAL_I2C_Mem_Read
 .text.HAL_I2C_GetState
                0x08005be4       0x1c C:\Users\Obelisk\workspace\stm32f746g-disco_hal_lib\Debug\libstm32f746g-disco_hal_lib.a(stm32f7xx_hal_i2c.o)
                0x08005be4                HAL_I2C_GetState
 .text.I2C_RequestMemoryWrite
                0x08005c00       0xb8 C:\Users\Obelisk\workspace\stm32f746g-disco_hal_lib\Debug\libstm32f746g-disco_hal_lib.a(stm32f7xx_hal_i2c.o)
 .text.I2C_RequestMemoryRead
                0x08005cb8       0xb4 C:\Users\Obelisk\workspace\stm32f746g-disco_hal_lib\Debug\libstm32f746g-disco_hal_lib.a(stm32f7xx_hal_i2c.o)
 .text.I2C_WaitOnFlagUntilTimeout
                0x08005d6c       0xb8 C:\Users\Obelisk\workspace\stm32f746g-disco_hal_lib\Debug\libstm32f746g-disco_hal_lib.a(stm32f7xx_hal_i2c.o)
 .text.I2C_WaitOnTXISFlagUntilTimeout
                0x08005e24       0x7c C:\Users\Obelisk\workspace\stm32f746g-disco_hal_lib\Debug\libstm32f746g-disco_hal_lib.a(stm32f7xx_hal_i2c.o)
 .text.I2C_WaitOnSTOPFlagUntilTimeout
                0x08005ea0       0x78 C:\Users\Obelisk\workspace\stm32f746g-disco_hal_lib\Debug\libstm32f746g-disco_hal_lib.a(stm32f7xx_hal_i2c.o)
 .text.I2C_IsAcknowledgeFailed
                0x08005f18       0xc4 C:\Users\Obelisk\workspace\stm32f746g-disco_hal_lib\Debug\libstm32f746g-disco_hal_lib.a(stm32f7xx_hal_i2c.o)
 .text.I2C_TransferConfig
                0x08005fdc       0x5c C:\Users\Obelisk\workspace\stm32f746g-disco_hal_lib\Debug\libstm32f746g-disco_hal_lib.a(stm32f7xx_hal_i2c.o)
 .text.__libc_init_array
                0x08006038       0x50 c:/ac6/systemworkbench/plugins/fr.ac6.mcu.externaltools.arm-none.win32_1.7.0.201602121829/tools/compiler/bin/../lib/gcc/arm-none-eabi/5.2.1/../../../../arm-none-eabi/lib/armv7e-m/fpu/fpv5-sp-d16\libc.a(lib_a-init.o)
                0x08006038                __libc_init_array
 .text.startup.register_fini
                0x08006088       0x14 c:/ac6/systemworkbench/plugins/fr.ac6.mcu.externaltools.arm-none.win32_1.7.0.201602121829/tools/compiler/bin/../lib/gcc/arm-none-eabi/5.2.1/../../../../arm-none-eabi/lib/armv7e-m/fpu/fpv5-sp-d16\libc.a(lib_a-__call_atexit.o)
 .text.atexit   0x0800609c        0xc c:/ac6/systemworkbench/plugins/fr.ac6.mcu.externaltools.arm-none.win32_1.7.0.201602121829/tools/compiler/bin/../lib/gcc/arm-none-eabi/5.2.1/../../../../arm-none-eabi/lib/armv7e-m/fpu/fpv5-sp-d16\libc.a(lib_a-atexit.o)
                0x0800609c                atexit
 .text.__libc_fini_array
                0x080060a8       0x28 c:/ac6/systemworkbench/plugins/fr.ac6.mcu.externaltools.arm-none.win32_1.7.0.201602121829/tools/compiler/bin/../lib/gcc/arm-none-eabi/5.2.1/../../../../arm-none-eabi/lib/armv7e-m/fpu/fpv5-sp-d16\libc.a(lib_a-fini.o)
                0x080060a8                __libc_fini_array
 .text.__register_exitproc
                0x080060d0       0xa4 c:/ac6/systemworkbench/plugins/fr.ac6.mcu.externaltools.arm-none.win32_1.7.0.201602121829/tools/compiler/bin/../lib/gcc/arm-none-eabi/5.2.1/../../../../arm-none-eabi/lib/armv7e-m/fpu/fpv5-sp-d16\libc.a(lib_a-__atexit.o)
                0x080060d0                __register_exitproc
 *(.glue_7)
 .glue_7        0x08006174        0x0 linker stubs
 *(.glue_7t)
 .glue_7t       0x08006174        0x0 linker stubs
 *(.eh_frame)
 .eh_frame      0x08006174        0x0 c:/ac6/systemworkbench/plugins/fr.ac6.mcu.externaltools.arm-none.win32_1.7.0.201602121829/tools/compiler/bin/../lib/gcc/arm-none-eabi/5.2.1/armv7e-m/fpu/fpv5-sp-d16/crtbegin.o
 *(.init)
 .init          0x08006174        0x4 c:/ac6/systemworkbench/plugins/fr.ac6.mcu.externaltools.arm-none.win32_1.7.0.201602121829/tools/compiler/bin/../lib/gcc/arm-none-eabi/5.2.1/armv7e-m/fpu/fpv5-sp-d16/crti.o
                0x08006174                _init
 .init          0x08006178        0x8 c:/ac6/systemworkbench/plugins/fr.ac6.mcu.externaltools.arm-none.win32_1.7.0.201602121829/tools/compiler/bin/../lib/gcc/arm-none-eabi/5.2.1/armv7e-m/fpu/fpv5-sp-d16/crtn.o
 *(.fini)
 .fini          0x08006180        0x4 c:/ac6/systemworkbench/plugins/fr.ac6.mcu.externaltools.arm-none.win32_1.7.0.201602121829/tools/compiler/bin/../lib/gcc/arm-none-eabi/5.2.1/armv7e-m/fpu/fpv5-sp-d16/crti.o
                0x08006180                _fini
 .fini          0x08006184        0x8 c:/ac6/systemworkbench/plugins/fr.ac6.mcu.externaltools.arm-none.win32_1.7.0.201602121829/tools/compiler/bin/../lib/gcc/arm-none-eabi/5.2.1/armv7e-m/fpu/fpv5-sp-d16/crtn.o
                0x0800618c                . = ALIGN (0x4)
                0x0800618c                _etext = .

.vfp11_veneer   0x0800618c        0x0
 .vfp11_veneer  0x0800618c        0x0 linker stubs

.v4_bx          0x0800618c        0x0
 .v4_bx         0x0800618c        0x0 linker stubs

.iplt           0x0800618c        0x0
 .iplt          0x0800618c        0x0 c:/ac6/systemworkbench/plugins/fr.ac6.mcu.externaltools.arm-none.win32_1.7.0.201602121829/tools/compiler/bin/../lib/gcc/arm-none-eabi/5.2.1/armv7e-m/fpu/fpv5-sp-d16/crtbegin.o

.rodata         0x0800618c     0x3d04
                0x0800618c                . = ALIGN (0x4)
 *(.rodata)
 .rodata        0x0800618c        0x5 src/main.o
 *fill*         0x08006191        0x3 
 .rodata        0x08006194     0x3cdc C:\Users\Obelisk\workspace\stm32f746g-disco_hal_lib\Debug\libstm32f746g-disco_hal_lib.a(stm32746g_discovery_lcd.o)
                0x08006194                Font24_Table
                0x08007c4c                Font20_Table
                0x08008b24                Font16_Table
                0x08009704                Font12_Table
                0x08009b78                Font8_Table
 .rodata        0x08009e70        0x8 C:\Users\Obelisk\workspace\stm32f746g-disco_hal_lib\Debug\libstm32f746g-disco_hal_lib.a(stm32f7xx_hal_dma.o)
 .rodata        0x08009e78       0x10 C:\Users\Obelisk\workspace\stm32f746g-disco_hal_lib\Debug\libstm32f746g-disco_hal_lib.a(stm32f7xx_hal_rcc.o)
                0x08009e78                APBAHBPrescTable
 *(.rodata*)
 .rodata.str1.4
                0x08009e88        0x4 c:/ac6/systemworkbench/plugins/fr.ac6.mcu.externaltools.arm-none.win32_1.7.0.201602121829/tools/compiler/bin/../lib/gcc/arm-none-eabi/5.2.1/../../../../arm-none-eabi/lib/armv7e-m/fpu/fpv5-sp-d16\libc.a(lib_a-impure.o)
                                  0x2 (size before relaxing)
 .rodata._global_impure_ptr
                0x08009e8c        0x4 c:/ac6/systemworkbench/plugins/fr.ac6.mcu.externaltools.arm-none.win32_1.7.0.201602121829/tools/compiler/bin/../lib/gcc/arm-none-eabi/5.2.1/../../../../arm-none-eabi/lib/armv7e-m/fpu/fpv5-sp-d16\libc.a(lib_a-impure.o)
                0x08009e8c                _global_impure_ptr
                0x08009e90                . = ALIGN (0x4)

.rel.dyn        0x08009e90        0x0
 .rel.iplt      0x08009e90        0x0 c:/ac6/systemworkbench/plugins/fr.ac6.mcu.externaltools.arm-none.win32_1.7.0.201602121829/tools/compiler/bin/../lib/gcc/arm-none-eabi/5.2.1/armv7e-m/fpu/fpv5-sp-d16/crtbegin.o

.ARM.extab
 *(.ARM.extab* .gnu.linkonce.armextab.*)

.ARM            0x08009e90        0x0
                0x08009e90                __exidx_start = .
 *(.ARM.exidx*)
                0x08009e90                __exidx_end = .

.preinit_array  0x08009e90        0x0
                0x08009e90                PROVIDE (__preinit_array_start, .)
 *(.preinit_array*)
                0x08009e90                PROVIDE (__preinit_array_end, .)

.init_array     0x08009e90        0x8
                0x08009e90                PROVIDE (__init_array_start, .)
 *(SORT(.init_array.*))
 .init_array.00000
                0x08009e90        0x4 c:/ac6/systemworkbench/plugins/fr.ac6.mcu.externaltools.arm-none.win32_1.7.0.201602121829/tools/compiler/bin/../lib/gcc/arm-none-eabi/5.2.1/../../../../arm-none-eabi/lib/armv7e-m/fpu/fpv5-sp-d16\libc.a(lib_a-__call_atexit.o)
 *(.init_array*)
 .init_array    0x08009e94        0x4 c:/ac6/systemworkbench/plugins/fr.ac6.mcu.externaltools.arm-none.win32_1.7.0.201602121829/tools/compiler/bin/../lib/gcc/arm-none-eabi/5.2.1/armv7e-m/fpu/fpv5-sp-d16/crtbegin.o
                0x08009e98                PROVIDE (__init_array_end, .)

.fini_array     0x08009e98        0x4
                0x08009e98                PROVIDE (__fini_array_start, .)
 *(SORT(.fini_array.*))
 *(.fini_array*)
 .fini_array    0x08009e98        0x4 c:/ac6/systemworkbench/plugins/fr.ac6.mcu.externaltools.arm-none.win32_1.7.0.201602121829/tools/compiler/bin/../lib/gcc/arm-none-eabi/5.2.1/armv7e-m/fpu/fpv5-sp-d16/crtbegin.o
                0x08009e9c                PROVIDE (__fini_array_end, .)
                0x08009e9c                _sidata = LOADADDR (.data)

.data           0x20000000      0x490 load address 0x08009e9c
                0x20000000                . = ALIGN (0x4)
                0x20000000                _sdata = .
 *(.data)
 .data          0x20000000       0x14 src/system_stm32f7xx.o
                0x20000000                SystemCoreClock
                0x20000004                AHBPrescTable
 .data          0x20000014       0x28 C:\Users\Obelisk\workspace\stm32f746g-disco_hal_lib\Debug\libstm32f746g-disco_hal_lib.a(stm32746g_discovery_lcd.o)
                0x20000014                Font24
                0x2000001c                Font20
                0x20000024                Font16
                0x2000002c                Font12
                0x20000034                Font8
 .data          0x2000003c        0x2 C:\Users\Obelisk\workspace\stm32f746g-disco_hal_lib\Debug\libstm32f746g-disco_hal_lib.a(stm32746g_discovery_sdram.o)
 *fill*         0x2000003e        0x2 
 .data          0x20000040       0x28 C:\Users\Obelisk\workspace\stm32f746g-disco_hal_lib\Debug\libstm32f746g-disco_hal_lib.a(ft5336.o)
                0x20000040                ft5336_ts_drv
 *(.data*)
 .data.impure_data
                0x20000068      0x428 c:/ac6/systemworkbench/plugins/fr.ac6.mcu.externaltools.arm-none.win32_1.7.0.201602121829/tools/compiler/bin/../lib/gcc/arm-none-eabi/5.2.1/../../../../arm-none-eabi/lib/armv7e-m/fpu/fpv5-sp-d16\libc.a(lib_a-impure.o)
                0x20000490                . = ALIGN (0x4)
                0x20000490                _edata = .

.jcr            0x20000490        0x0 load address 0x0800a32c
 .jcr           0x20000490        0x0 c:/ac6/systemworkbench/plugins/fr.ac6.mcu.externaltools.arm-none.win32_1.7.0.201602121829/tools/compiler/bin/../lib/gcc/arm-none-eabi/5.2.1/armv7e-m/fpu/fpv5-sp-d16/crtbegin.o

.tm_clone_table
                0x20000490        0x0 load address 0x0800a32c
 .tm_clone_table
                0x20000490        0x0 c:/ac6/systemworkbench/plugins/fr.ac6.mcu.externaltools.arm-none.win32_1.7.0.201602121829/tools/compiler/bin/../lib/gcc/arm-none-eabi/5.2.1/armv7e-m/fpu/fpv5-sp-d16/crtbegin.o
 .tm_clone_table
                0x20000490        0x0 c:/ac6/systemworkbench/plugins/fr.ac6.mcu.externaltools.arm-none.win32_1.7.0.201602121829/tools/compiler/bin/../lib/gcc/arm-none-eabi/5.2.1/armv7e-m/fpu/fpv5-sp-d16/crtend.o

.igot.plt       0x20000490        0x0 load address 0x0800a32c
 .igot.plt      0x20000490        0x0 c:/ac6/systemworkbench/plugins/fr.ac6.mcu.externaltools.arm-none.win32_1.7.0.201602121829/tools/compiler/bin/../lib/gcc/arm-none-eabi/5.2.1/armv7e-m/fpu/fpv5-sp-d16/crtbegin.o
                0x20000490                . = ALIGN (0x4)

.bss            0x20000490      0x39c load address 0x0800a32c
                0x20000490                _sbss = .
                0x20000490                __bss_start__ = _sbss
 *(.bss)
 .bss           0x20000490       0x1c c:/ac6/systemworkbench/plugins/fr.ac6.mcu.externaltools.arm-none.win32_1.7.0.201602121829/tools/compiler/bin/../lib/gcc/arm-none-eabi/5.2.1/armv7e-m/fpu/fpv5-sp-d16/crtbegin.o
 .bss           0x200004ac       0x2c src/main.o
 .bss           0x200004d8      0x188 C:\Users\Obelisk\workspace\stm32f746g-disco_hal_lib\Debug\libstm32f746g-disco_hal_lib.a(stm32746g_discovery_lcd.o)
 .bss           0x20000660      0x110 C:\Users\Obelisk\workspace\stm32f746g-disco_hal_lib\Debug\libstm32f746g-disco_hal_lib.a(stm32746g_discovery_sdram.o)
 .bss           0x20000770       0x34 C:\Users\Obelisk\workspace\stm32f746g-disco_hal_lib\Debug\libstm32f746g-disco_hal_lib.a(stm32746g_discovery_ts.o)
 .bss           0x200007a4        0x6 C:\Users\Obelisk\workspace\stm32f746g-disco_hal_lib\Debug\libstm32f746g-disco_hal_lib.a(ft5336.o)
 *fill*         0x200007aa        0x2 
 .bss           0x200007ac        0x4 C:\Users\Obelisk\workspace\stm32f746g-disco_hal_lib\Debug\libstm32f746g-disco_hal_lib.a(stm32f7xx_hal.o)
 .bss           0x200007b0       0x78 C:\Users\Obelisk\workspace\stm32f746g-disco_hal_lib\Debug\libstm32f746g-disco_hal_lib.a(stm32746g_discovery.o)
 *(.bss*)
 *(COMMON)
 COMMON         0x20000828        0x4 src/main.o
                0x20000828                x
                0x2000082a                y
                0x2000082c                . = ALIGN (0x4)
                0x2000082c                _ebss = .
                0x2000082c                __bss_end__ = _ebss

._user_heap_stack
                0x2000082c      0x604 load address 0x0800a32c
                0x20000830                . = ALIGN (0x8)
 *fill*         0x2000082c        0x4 
                0x20000830                PROVIDE (end, .)
                [!provide]                PROVIDE (_end, .)
                0x20000a30                . = (. + _Min_Heap_Size)
 *fill*         0x20000830      0x200 
                0x20000e30                . = (. + _Min_Stack_Size)
 *fill*         0x20000a30      0x400 
                0x20000e30                . = ALIGN (0x8)

/DISCARD/
 libc.a(*)
 libm.a(*)
 libgcc.a(*)

.ARM.attributes
                0x00000000       0x30
 *(.ARM.attributes)
 .ARM.attributes
                0x00000000       0x22 c:/ac6/systemworkbench/plugins/fr.ac6.mcu.externaltools.arm-none.win32_1.7.0.201602121829/tools/compiler/bin/../lib/gcc/arm-none-eabi/5.2.1/armv7e-m/fpu/fpv5-sp-d16/crti.o
 .ARM.attributes
                0x00000022       0x34 c:/ac6/systemworkbench/plugins/fr.ac6.mcu.externaltools.arm-none.win32_1.7.0.201602121829/tools/compiler/bin/../lib/gcc/arm-none-eabi/5.2.1/armv7e-m/fpu/fpv5-sp-d16/crtbegin.o
 .ARM.attributes
                0x00000056       0x21 startup/startup_stm32f746xx.o
 .ARM.attributes
                0x00000077       0x39 src/main.o
 .ARM.attributes
                0x000000b0       0x39 src/stm32f7xx_it.o
 .ARM.attributes
                0x000000e9       0x39 src/system_stm32f7xx.o
 .ARM.attributes
                0x00000122       0x39 C:\Users\Obelisk\workspace\stm32f746g-disco_hal_lib\Debug\libstm32f746g-disco_hal_lib.a(stm32746g_discovery_lcd.o)
 .ARM.attributes
                0x0000015b       0x39 C:\Users\Obelisk\workspace\stm32f746g-disco_hal_lib\Debug\libstm32f746g-disco_hal_lib.a(stm32746g_discovery_sdram.o)
 .ARM.attributes
                0x00000194       0x39 C:\Users\Obelisk\workspace\stm32f746g-disco_hal_lib\Debug\libstm32f746g-disco_hal_lib.a(stm32746g_discovery_ts.o)
 .ARM.attributes
                0x000001cd       0x39 C:\Users\Obelisk\workspace\stm32f746g-disco_hal_lib\Debug\libstm32f746g-disco_hal_lib.a(ft5336.o)
 .ARM.attributes
                0x00000206       0x39 C:\Users\Obelisk\workspace\stm32f746g-disco_hal_lib\Debug\libstm32f746g-disco_hal_lib.a(stm32f7xx_hal.o)
 .ARM.attributes
                0x0000023f       0x39 C:\Users\Obelisk\workspace\stm32f746g-disco_hal_lib\Debug\libstm32f746g-disco_hal_lib.a(stm32f7xx_hal_cortex.o)
 .ARM.attributes
                0x00000278       0x39 C:\Users\Obelisk\workspace\stm32f746g-disco_hal_lib\Debug\libstm32f746g-disco_hal_lib.a(stm32f7xx_hal_dma.o)
 .ARM.attributes
                0x000002b1       0x39 C:\Users\Obelisk\workspace\stm32f746g-disco_hal_lib\Debug\libstm32f746g-disco_hal_lib.a(stm32f7xx_hal_dma2d.o)
 .ARM.attributes
                0x000002ea       0x39 C:\Users\Obelisk\workspace\stm32f746g-disco_hal_lib\Debug\libstm32f746g-disco_hal_lib.a(stm32f7xx_hal_gpio.o)
 .ARM.attributes
                0x00000323       0x39 C:\Users\Obelisk\workspace\stm32f746g-disco_hal_lib\Debug\libstm32f746g-disco_hal_lib.a(stm32f7xx_hal_ltdc.o)
 .ARM.attributes
                0x0000035c       0x39 C:\Users\Obelisk\workspace\stm32f746g-disco_hal_lib\Debug\libstm32f746g-disco_hal_lib.a(stm32f7xx_hal_pwr_ex.o)
 .ARM.attributes
                0x00000395       0x39 C:\Users\Obelisk\workspace\stm32f746g-disco_hal_lib\Debug\libstm32f746g-disco_hal_lib.a(stm32f7xx_hal_rcc.o)
 .ARM.attributes
                0x000003ce       0x39 C:\Users\Obelisk\workspace\stm32f746g-disco_hal_lib\Debug\libstm32f746g-disco_hal_lib.a(stm32f7xx_hal_rcc_ex.o)
 .ARM.attributes
                0x00000407       0x39 C:\Users\Obelisk\workspace\stm32f746g-disco_hal_lib\Debug\libstm32f746g-disco_hal_lib.a(stm32f7xx_hal_sdram.o)
 .ARM.attributes
                0x00000440       0x39 C:\Users\Obelisk\workspace\stm32f746g-disco_hal_lib\Debug\libstm32f746g-disco_hal_lib.a(stm32f7xx_ll_fmc.o)
 .ARM.attributes
                0x00000479       0x39 C:\Users\Obelisk\workspace\stm32f746g-disco_hal_lib\Debug\libstm32f746g-disco_hal_lib.a(stm32746g_discovery.o)
 .ARM.attributes
                0x000004b2       0x39 C:\Users\Obelisk\workspace\stm32f746g-disco_hal_lib\Debug\libstm32f746g-disco_hal_lib.a(stm32f7xx_hal_i2c.o)
 .ARM.attributes
                0x000004eb       0x34 c:/ac6/systemworkbench/plugins/fr.ac6.mcu.externaltools.arm-none.win32_1.7.0.201602121829/tools/compiler/bin/../lib/gcc/arm-none-eabi/5.2.1/../../../../arm-none-eabi/lib/armv7e-m/fpu/fpv5-sp-d16\libc.a(lib_a-impure.o)
 .ARM.attributes
                0x0000051f       0x34 c:/ac6/systemworkbench/plugins/fr.ac6.mcu.externaltools.arm-none.win32_1.7.0.201602121829/tools/compiler/bin/../lib/gcc/arm-none-eabi/5.2.1/../../../../arm-none-eabi/lib/armv7e-m/fpu/fpv5-sp-d16\libc.a(lib_a-init.o)
 .ARM.attributes
                0x00000553       0x34 c:/ac6/systemworkbench/plugins/fr.ac6.mcu.externaltools.arm-none.win32_1.7.0.201602121829/tools/compiler/bin/../lib/gcc/arm-none-eabi/5.2.1/../../../../arm-none-eabi/lib/armv7e-m/fpu/fpv5-sp-d16\libc.a(lib_a-__call_atexit.o)
 .ARM.attributes
                0x00000587       0x34 c:/ac6/systemworkbench/plugins/fr.ac6.mcu.externaltools.arm-none.win32_1.7.0.201602121829/tools/compiler/bin/../lib/gcc/arm-none-eabi/5.2.1/../../../../arm-none-eabi/lib/armv7e-m/fpu/fpv5-sp-d16\libc.a(lib_a-atexit.o)
 .ARM.attributes
                0x000005bb       0x34 c:/ac6/systemworkbench/plugins/fr.ac6.mcu.externaltools.arm-none.win32_1.7.0.201602121829/tools/compiler/bin/../lib/gcc/arm-none-eabi/5.2.1/../../../../arm-none-eabi/lib/armv7e-m/fpu/fpv5-sp-d16\libc.a(lib_a-fini.o)
 .ARM.attributes
                0x000005ef       0x34 c:/ac6/systemworkbench/plugins/fr.ac6.mcu.externaltools.arm-none.win32_1.7.0.201602121829/tools/compiler/bin/../lib/gcc/arm-none-eabi/5.2.1/../../../../arm-none-eabi/lib/armv7e-m/fpu/fpv5-sp-d16\libc.a(lib_a-__atexit.o)
 .ARM.attributes
                0x00000623       0x34 c:/ac6/systemworkbench/plugins/fr.ac6.mcu.externaltools.arm-none.win32_1.7.0.201602121829/tools/compiler/bin/../lib/gcc/arm-none-eabi/5.2.1/armv7e-m/fpu/fpv5-sp-d16/crtend.o
 .ARM.attributes
                0x00000657       0x22 c:/ac6/systemworkbench/plugins/fr.ac6.mcu.externaltools.arm-none.win32_1.7.0.201602121829/tools/compiler/bin/../lib/gcc/arm-none-eabi/5.2.1/armv7e-m/fpu/fpv5-sp-d16/crtn.o
OUTPUT(lcd_bsp.elf elf32-littlearm)

.debug_line     0x00000000    0x11d9c
 .debug_line    0x00000000       0x7f startup/startup_stm32f746xx.o
 .debug_line    0x0000007f      0xf1f src/main.o
 .debug_line    0x00000f9e      0xba6 src/stm32f7xx_it.o
 .debug_line    0x00001b44      0xb8a src/system_stm32f7xx.o
 .debug_line    0x000026ce     0x12b2 C:\Users\Obelisk\workspace\stm32f746g-disco_hal_lib\Debug\libstm32f746g-disco_hal_lib.a(stm32746g_discovery_lcd.o)
 .debug_line    0x00003980      0xccf C:\Users\Obelisk\workspace\stm32f746g-disco_hal_lib\Debug\libstm32f746g-disco_hal_lib.a(stm32746g_discovery_sdram.o)
 .debug_line    0x0000464f      0xd93 C:\Users\Obelisk\workspace\stm32f746g-disco_hal_lib\Debug\libstm32f746g-disco_hal_lib.a(stm32746g_discovery_ts.o)
 .debug_line    0x000053e2      0x4a4 C:\Users\Obelisk\workspace\stm32f746g-disco_hal_lib\Debug\libstm32f746g-disco_hal_lib.a(ft5336.o)
 .debug_line    0x00005886      0xd1d C:\Users\Obelisk\workspace\stm32f746g-disco_hal_lib\Debug\libstm32f746g-disco_hal_lib.a(stm32f7xx_hal.o)
 .debug_line    0x000065a3      0xe46 C:\Users\Obelisk\workspace\stm32f746g-disco_hal_lib\Debug\libstm32f746g-disco_hal_lib.a(stm32f7xx_hal_cortex.o)
 .debug_line    0x000073e9      0xd5c C:\Users\Obelisk\workspace\stm32f746g-disco_hal_lib\Debug\libstm32f746g-disco_hal_lib.a(stm32f7xx_hal_dma.o)
 .debug_line    0x00008145      0xef3 C:\Users\Obelisk\workspace\stm32f746g-disco_hal_lib\Debug\libstm32f746g-disco_hal_lib.a(stm32f7xx_hal_dma2d.o)
 .debug_line    0x00009038      0xd7a C:\Users\Obelisk\workspace\stm32f746g-disco_hal_lib\Debug\libstm32f746g-disco_hal_lib.a(stm32f7xx_hal_gpio.o)
 .debug_line    0x00009db2     0x1097 C:\Users\Obelisk\workspace\stm32f746g-disco_hal_lib\Debug\libstm32f746g-disco_hal_lib.a(stm32f7xx_hal_ltdc.o)
 .debug_line    0x0000ae49      0xcc1 C:\Users\Obelisk\workspace\stm32f746g-disco_hal_lib\Debug\libstm32f746g-disco_hal_lib.a(stm32f7xx_hal_pwr_ex.o)
 .debug_line    0x0000bb0a      0xeaf C:\Users\Obelisk\workspace\stm32f746g-disco_hal_lib\Debug\libstm32f746g-disco_hal_lib.a(stm32f7xx_hal_rcc.o)
 .debug_line    0x0000c9b9      0xfad C:\Users\Obelisk\workspace\stm32f746g-disco_hal_lib\Debug\libstm32f746g-disco_hal_lib.a(stm32f7xx_hal_rcc_ex.o)
 .debug_line    0x0000d966      0xec8 C:\Users\Obelisk\workspace\stm32f746g-disco_hal_lib\Debug\libstm32f746g-disco_hal_lib.a(stm32f7xx_hal_sdram.o)
 .debug_line    0x0000e82e      0xe35 C:\Users\Obelisk\workspace\stm32f746g-disco_hal_lib\Debug\libstm32f746g-disco_hal_lib.a(stm32f7xx_ll_fmc.o)
 .debug_line    0x0000f663      0xea6 C:\Users\Obelisk\workspace\stm32f746g-disco_hal_lib\Debug\libstm32f746g-disco_hal_lib.a(stm32746g_discovery.o)
 .debug_line    0x00010509     0x1893 C:\Users\Obelisk\workspace\stm32f746g-disco_hal_lib\Debug\libstm32f746g-disco_hal_lib.a(stm32f7xx_hal_i2c.o)

.debug_info     0x00000000     0xf8bd
 .debug_info    0x00000000       0x6f startup/startup_stm32f746xx.o
 .debug_info    0x0000006f      0xd5e src/main.o
 .debug_info    0x00000dcd       0xbd src/stm32f7xx_it.o
 .debug_info    0x00000e8a      0x6a9 src/system_stm32f7xx.o
 .debug_info    0x00001533     0x201b C:\Users\Obelisk\workspace\stm32f746g-disco_hal_lib\Debug\libstm32f746g-disco_hal_lib.a(stm32746g_discovery_lcd.o)
 .debug_info    0x0000354e      0xe9b C:\Users\Obelisk\workspace\stm32f746g-disco_hal_lib\Debug\libstm32f746g-disco_hal_lib.a(stm32746g_discovery_sdram.o)
 .debug_info    0x000043e9      0x906 C:\Users\Obelisk\workspace\stm32f746g-disco_hal_lib\Debug\libstm32f746g-disco_hal_lib.a(stm32746g_discovery_ts.o)
 .debug_info    0x00004cef      0x58d C:\Users\Obelisk\workspace\stm32f746g-disco_hal_lib\Debug\libstm32f746g-disco_hal_lib.a(ft5336.o)
 .debug_info    0x0000527c      0x8bb C:\Users\Obelisk\workspace\stm32f746g-disco_hal_lib\Debug\libstm32f746g-disco_hal_lib.a(stm32f7xx_hal.o)
 .debug_info    0x00005b37      0xf3d C:\Users\Obelisk\workspace\stm32f746g-disco_hal_lib\Debug\libstm32f746g-disco_hal_lib.a(stm32f7xx_hal_cortex.o)
 .debug_info    0x00006a74      0x703 C:\Users\Obelisk\workspace\stm32f746g-disco_hal_lib\Debug\libstm32f746g-disco_hal_lib.a(stm32f7xx_hal_dma.o)
 .debug_info    0x00007177      0xa40 C:\Users\Obelisk\workspace\stm32f746g-disco_hal_lib\Debug\libstm32f746g-disco_hal_lib.a(stm32f7xx_hal_dma2d.o)
 .debug_info    0x00007bb7      0x736 C:\Users\Obelisk\workspace\stm32f746g-disco_hal_lib\Debug\libstm32f746g-disco_hal_lib.a(stm32f7xx_hal_gpio.o)
 .debug_info    0x000082ed      0xbde C:\Users\Obelisk\workspace\stm32f746g-disco_hal_lib\Debug\libstm32f746g-disco_hal_lib.a(stm32f7xx_hal_ltdc.o)
 .debug_info    0x00008ecb      0x8fa C:\Users\Obelisk\workspace\stm32f746g-disco_hal_lib\Debug\libstm32f746g-disco_hal_lib.a(stm32f7xx_hal_pwr_ex.o)
 .debug_info    0x000097c5      0xb51 C:\Users\Obelisk\workspace\stm32f746g-disco_hal_lib\Debug\libstm32f746g-disco_hal_lib.a(stm32f7xx_hal_rcc.o)
 .debug_info    0x0000a316     0x1021 C:\Users\Obelisk\workspace\stm32f746g-disco_hal_lib\Debug\libstm32f746g-disco_hal_lib.a(stm32f7xx_hal_rcc_ex.o)
 .debug_info    0x0000b337      0xc0e C:\Users\Obelisk\workspace\stm32f746g-disco_hal_lib\Debug\libstm32f746g-disco_hal_lib.a(stm32f7xx_hal_sdram.o)
 .debug_info    0x0000bf45      0xc3a C:\Users\Obelisk\workspace\stm32f746g-disco_hal_lib\Debug\libstm32f746g-disco_hal_lib.a(stm32f7xx_ll_fmc.o)
 .debug_info    0x0000cb7f     0x1880 C:\Users\Obelisk\workspace\stm32f746g-disco_hal_lib\Debug\libstm32f746g-disco_hal_lib.a(stm32746g_discovery.o)
 .debug_info    0x0000e3ff     0x14be C:\Users\Obelisk\workspace\stm32f746g-disco_hal_lib\Debug\libstm32f746g-disco_hal_lib.a(stm32f7xx_hal_i2c.o)

.debug_abbrev   0x00000000     0x25c9
 .debug_abbrev  0x00000000       0x12 startup/startup_stm32f746xx.o
 .debug_abbrev  0x00000012      0x236 src/main.o
 .debug_abbrev  0x00000248       0x6a src/stm32f7xx_it.o
 .debug_abbrev  0x000002b2      0x120 src/system_stm32f7xx.o
 .debug_abbrev  0x000003d2      0x2b2 C:\Users\Obelisk\workspace\stm32f746g-disco_hal_lib\Debug\libstm32f746g-disco_hal_lib.a(stm32746g_discovery_lcd.o)
 .debug_abbrev  0x00000684      0x1eb C:\Users\Obelisk\workspace\stm32f746g-disco_hal_lib\Debug\libstm32f746g-disco_hal_lib.a(stm32746g_discovery_sdram.o)
 .debug_abbrev  0x0000086f      0x1f7 C:\Users\Obelisk\workspace\stm32f746g-disco_hal_lib\Debug\libstm32f746g-disco_hal_lib.a(stm32746g_discovery_ts.o)
 .debug_abbrev  0x00000a66      0x1c5 C:\Users\Obelisk\workspace\stm32f746g-disco_hal_lib\Debug\libstm32f746g-disco_hal_lib.a(ft5336.o)
 .debug_abbrev  0x00000c2b      0x19a C:\Users\Obelisk\workspace\stm32f746g-disco_hal_lib\Debug\libstm32f746g-disco_hal_lib.a(stm32f7xx_hal.o)
 .debug_abbrev  0x00000dc5      0x2cc C:\Users\Obelisk\workspace\stm32f746g-disco_hal_lib\Debug\libstm32f746g-disco_hal_lib.a(stm32f7xx_hal_cortex.o)
 .debug_abbrev  0x00001091      0x209 C:\Users\Obelisk\workspace\stm32f746g-disco_hal_lib\Debug\libstm32f746g-disco_hal_lib.a(stm32f7xx_hal_dma.o)
 .debug_abbrev  0x0000129a      0x1fb C:\Users\Obelisk\workspace\stm32f746g-disco_hal_lib\Debug\libstm32f746g-disco_hal_lib.a(stm32f7xx_hal_dma2d.o)
 .debug_abbrev  0x00001495      0x1af C:\Users\Obelisk\workspace\stm32f746g-disco_hal_lib\Debug\libstm32f746g-disco_hal_lib.a(stm32f7xx_hal_gpio.o)
 .debug_abbrev  0x00001644      0x1fa C:\Users\Obelisk\workspace\stm32f746g-disco_hal_lib\Debug\libstm32f746g-disco_hal_lib.a(stm32f7xx_hal_ltdc.o)
 .debug_abbrev  0x0000183e      0x1a9 C:\Users\Obelisk\workspace\stm32f746g-disco_hal_lib\Debug\libstm32f746g-disco_hal_lib.a(stm32f7xx_hal_pwr_ex.o)
 .debug_abbrev  0x000019e7      0x299 C:\Users\Obelisk\workspace\stm32f746g-disco_hal_lib\Debug\libstm32f746g-disco_hal_lib.a(stm32f7xx_hal_rcc.o)
 .debug_abbrev  0x00001c80      0x1e3 C:\Users\Obelisk\workspace\stm32f746g-disco_hal_lib\Debug\libstm32f746g-disco_hal_lib.a(stm32f7xx_hal_rcc_ex.o)
 .debug_abbrev  0x00001e63      0x1dd C:\Users\Obelisk\workspace\stm32f746g-disco_hal_lib\Debug\libstm32f746g-disco_hal_lib.a(stm32f7xx_hal_sdram.o)
 .debug_abbrev  0x00002040      0x156 C:\Users\Obelisk\workspace\stm32f746g-disco_hal_lib\Debug\libstm32f746g-disco_hal_lib.a(stm32f7xx_ll_fmc.o)
 .debug_abbrev  0x00002196      0x269 C:\Users\Obelisk\workspace\stm32f746g-disco_hal_lib\Debug\libstm32f746g-disco_hal_lib.a(stm32746g_discovery.o)
 .debug_abbrev  0x000023ff      0x1ca C:\Users\Obelisk\workspace\stm32f746g-disco_hal_lib\Debug\libstm32f746g-disco_hal_lib.a(stm32f7xx_hal_i2c.o)

.debug_aranges  0x00000000      0xdd8
 .debug_aranges
                0x00000000       0x28 startup/startup_stm32f746xx.o
 .debug_aranges
                0x00000028       0x78 src/main.o
 .debug_aranges
                0x000000a0       0x20 src/stm32f7xx_it.o
 .debug_aranges
                0x000000c0       0x28 src/system_stm32f7xx.o
 .debug_aranges
                0x000000e8      0x1a0 C:\Users\Obelisk\workspace\stm32f746g-disco_hal_lib\Debug\libstm32f746g-disco_hal_lib.a(stm32746g_discovery_lcd.o)
 .debug_aranges
                0x00000288       0x70 C:\Users\Obelisk\workspace\stm32f746g-disco_hal_lib\Debug\libstm32f746g-disco_hal_lib.a(stm32746g_discovery_sdram.o)
 .debug_aranges
                0x000002f8       0x58 C:\Users\Obelisk\workspace\stm32f746g-disco_hal_lib\Debug\libstm32f746g-disco_hal_lib.a(stm32746g_discovery_ts.o)
 .debug_aranges
                0x00000350       0x90 C:\Users\Obelisk\workspace\stm32f746g-disco_hal_lib\Debug\libstm32f746g-disco_hal_lib.a(ft5336.o)
 .debug_aranges
                0x000003e0       0xd0 C:\Users\Obelisk\workspace\stm32f746g-disco_hal_lib\Debug\libstm32f746g-disco_hal_lib.a(stm32f7xx_hal.o)
 .debug_aranges
                0x000004b0      0x108 C:\Users\Obelisk\workspace\stm32f746g-disco_hal_lib\Debug\libstm32f746g-disco_hal_lib.a(stm32f7xx_hal_cortex.o)
 .debug_aranges
                0x000005b8       0x70 C:\Users\Obelisk\workspace\stm32f746g-disco_hal_lib\Debug\libstm32f746g-disco_hal_lib.a(stm32f7xx_hal_dma.o)
 .debug_aranges
                0x00000628       0xc0 C:\Users\Obelisk\workspace\stm32f746g-disco_hal_lib\Debug\libstm32f746g-disco_hal_lib.a(stm32f7xx_hal_dma2d.o)
 .debug_aranges
                0x000006e8       0x58 C:\Users\Obelisk\workspace\stm32f746g-disco_hal_lib\Debug\libstm32f746g-disco_hal_lib.a(stm32f7xx_hal_gpio.o)
 .debug_aranges
                0x00000740       0xe0 C:\Users\Obelisk\workspace\stm32f746g-disco_hal_lib\Debug\libstm32f746g-disco_hal_lib.a(stm32f7xx_hal_ltdc.o)
 .debug_aranges
                0x00000820       0x80 C:\Users\Obelisk\workspace\stm32f746g-disco_hal_lib\Debug\libstm32f746g-disco_hal_lib.a(stm32f7xx_hal_pwr_ex.o)
 .debug_aranges
                0x000008a0       0x88 C:\Users\Obelisk\workspace\stm32f746g-disco_hal_lib\Debug\libstm32f746g-disco_hal_lib.a(stm32f7xx_hal_rcc.o)
 .debug_aranges
                0x00000928       0x30 C:\Users\Obelisk\workspace\stm32f746g-disco_hal_lib\Debug\libstm32f746g-disco_hal_lib.a(stm32f7xx_hal_rcc_ex.o)
 .debug_aranges
                0x00000958       0xd0 C:\Users\Obelisk\workspace\stm32f746g-disco_hal_lib\Debug\libstm32f746g-disco_hal_lib.a(stm32f7xx_hal_sdram.o)
 .debug_aranges
                0x00000a28       0xc8 C:\Users\Obelisk\workspace\stm32f746g-disco_hal_lib\Debug\libstm32f746g-disco_hal_lib.a(stm32f7xx_ll_fmc.o)
 .debug_aranges
                0x00000af0      0x128 C:\Users\Obelisk\workspace\stm32f746g-disco_hal_lib\Debug\libstm32f746g-disco_hal_lib.a(stm32746g_discovery.o)
 .debug_aranges
                0x00000c18      0x1c0 C:\Users\Obelisk\workspace\stm32f746g-disco_hal_lib\Debug\libstm32f746g-disco_hal_lib.a(stm32f7xx_hal_i2c.o)

.debug_ranges   0x00000000      0xc90
 .debug_ranges  0x00000000       0x20 startup/startup_stm32f746xx.o
 .debug_ranges  0x00000020       0x68 src/main.o
 .debug_ranges  0x00000088       0x10 src/stm32f7xx_it.o
 .debug_ranges  0x00000098       0x18 src/system_stm32f7xx.o
 .debug_ranges  0x000000b0      0x190 C:\Users\Obelisk\workspace\stm32f746g-disco_hal_lib\Debug\libstm32f746g-disco_hal_lib.a(stm32746g_discovery_lcd.o)
 .debug_ranges  0x00000240       0x60 C:\Users\Obelisk\workspace\stm32f746g-disco_hal_lib\Debug\libstm32f746g-disco_hal_lib.a(stm32746g_discovery_sdram.o)
 .debug_ranges  0x000002a0       0x48 C:\Users\Obelisk\workspace\stm32f746g-disco_hal_lib\Debug\libstm32f746g-disco_hal_lib.a(stm32746g_discovery_ts.o)
 .debug_ranges  0x000002e8       0x80 C:\Users\Obelisk\workspace\stm32f746g-disco_hal_lib\Debug\libstm32f746g-disco_hal_lib.a(ft5336.o)
 .debug_ranges  0x00000368       0xc0 C:\Users\Obelisk\workspace\stm32f746g-disco_hal_lib\Debug\libstm32f746g-disco_hal_lib.a(stm32f7xx_hal.o)
 .debug_ranges  0x00000428       0xf8 C:\Users\Obelisk\workspace\stm32f746g-disco_hal_lib\Debug\libstm32f746g-disco_hal_lib.a(stm32f7xx_hal_cortex.o)
 .debug_ranges  0x00000520       0x60 C:\Users\Obelisk\workspace\stm32f746g-disco_hal_lib\Debug\libstm32f746g-disco_hal_lib.a(stm32f7xx_hal_dma.o)
 .debug_ranges  0x00000580       0xb0 C:\Users\Obelisk\workspace\stm32f746g-disco_hal_lib\Debug\libstm32f746g-disco_hal_lib.a(stm32f7xx_hal_dma2d.o)
 .debug_ranges  0x00000630       0x48 C:\Users\Obelisk\workspace\stm32f746g-disco_hal_lib\Debug\libstm32f746g-disco_hal_lib.a(stm32f7xx_hal_gpio.o)
 .debug_ranges  0x00000678       0xd0 C:\Users\Obelisk\workspace\stm32f746g-disco_hal_lib\Debug\libstm32f746g-disco_hal_lib.a(stm32f7xx_hal_ltdc.o)
 .debug_ranges  0x00000748       0x70 C:\Users\Obelisk\workspace\stm32f746g-disco_hal_lib\Debug\libstm32f746g-disco_hal_lib.a(stm32f7xx_hal_pwr_ex.o)
 .debug_ranges  0x000007b8       0x78 C:\Users\Obelisk\workspace\stm32f746g-disco_hal_lib\Debug\libstm32f746g-disco_hal_lib.a(stm32f7xx_hal_rcc.o)
 .debug_ranges  0x00000830       0x20 C:\Users\Obelisk\workspace\stm32f746g-disco_hal_lib\Debug\libstm32f746g-disco_hal_lib.a(stm32f7xx_hal_rcc_ex.o)
 .debug_ranges  0x00000850       0xc0 C:\Users\Obelisk\workspace\stm32f746g-disco_hal_lib\Debug\libstm32f746g-disco_hal_lib.a(stm32f7xx_hal_sdram.o)
 .debug_ranges  0x00000910       0xb8 C:\Users\Obelisk\workspace\stm32f746g-disco_hal_lib\Debug\libstm32f746g-disco_hal_lib.a(stm32f7xx_ll_fmc.o)
 .debug_ranges  0x000009c8      0x118 C:\Users\Obelisk\workspace\stm32f746g-disco_hal_lib\Debug\libstm32f746g-disco_hal_lib.a(stm32746g_discovery.o)
 .debug_ranges  0x00000ae0      0x1b0 C:\Users\Obelisk\workspace\stm32f746g-disco_hal_lib\Debug\libstm32f746g-disco_hal_lib.a(stm32f7xx_hal_i2c.o)

.debug_macro    0x00000000    0x20f27
 .debug_macro   0x00000000      0x55e src/main.o
 .debug_macro   0x0000055e      0x8aa src/main.o
 .debug_macro   0x00000e08       0x28 src/main.o
 .debug_macro   0x00000e30       0x3b src/main.o
 .debug_macro   0x00000e6b       0x22 src/main.o
 .debug_macro   0x00000e8d       0x44 src/main.o
 .debug_macro   0x00000ed1       0xfd src/main.o
 .debug_macro   0x00000fce       0x22 src/main.o
 .debug_macro   0x00000ff0      0x1df src/main.o
 .debug_macro   0x000011cf       0x35 src/main.o
 .debug_macro   0x00001204       0x50 src/main.o
 .debug_macro   0x00001254     0x1114 src/main.o
 .debug_macro   0x00002368     0xa75c src/main.o
 .debug_macro   0x0000cac4       0x43 src/main.o
 .debug_macro   0x0000cb07      0x237 src/main.o
 .debug_macro   0x0000cd3e     0x32ff src/main.o
 .debug_macro   0x0001003d       0x58 src/main.o
 .debug_macro   0x00010095       0x35 src/main.o
 .debug_macro   0x000100ca       0x9c src/main.o
 .debug_macro   0x00010166       0x16 src/main.o
 .debug_macro   0x0001017c       0x97 src/main.o
 .debug_macro   0x00010213      0x329 src/main.o
 .debug_macro   0x0001053c       0xfd src/main.o
 .debug_macro   0x00010639       0x10 src/main.o
 .debug_macro   0x00010649       0x52 src/main.o
 .debug_macro   0x0001069b       0x16 src/main.o
 .debug_macro   0x000106b1       0x43 src/main.o
 .debug_macro   0x000106f4      0x187 src/main.o
 .debug_macro   0x0001087b       0x10 src/main.o
 .debug_macro   0x0001088b       0x22 src/main.o
 .debug_macro   0x000108ad       0x3a src/main.o
 .debug_macro   0x000108e7       0x10 src/main.o
 .debug_macro   0x000108f7       0x40 src/main.o
 .debug_macro   0x00010937       0x65 src/main.o
 .debug_macro   0x0001099c       0x16 src/main.o
 .debug_macro   0x000109b2      0x197 src/main.o
 .debug_macro   0x00010b49       0x57 src/main.o
 .debug_macro   0x00010ba0      0x5c9 src/main.o
 .debug_macro   0x00011169     0x18a6 src/main.o
 .debug_macro   0x00012a0f       0xdd src/main.o
 .debug_macro   0x00012aec      0x11e src/main.o
 .debug_macro   0x00012c0a      0x1f3 src/main.o
 .debug_macro   0x00012dfd       0x27 src/main.o
 .debug_macro   0x00012e24      0x272 src/main.o
 .debug_macro   0x00013096       0x5f src/main.o
 .debug_macro   0x000130f5      0x23a src/main.o
 .debug_macro   0x0001332f      0x38a src/main.o
 .debug_macro   0x000136b9      0x161 src/main.o
 .debug_macro   0x0001381a       0xf9 src/main.o
 .debug_macro   0x00013913      0x36e src/main.o
 .debug_macro   0x00013c81      0x272 src/main.o
 .debug_macro   0x00013ef3       0xab src/main.o
 .debug_macro   0x00013f9e       0x4c src/main.o
 .debug_macro   0x00013fea       0x2e src/main.o
 .debug_macro   0x00014018      0x1f3 src/main.o
 .debug_macro   0x0001420b       0xe6 src/main.o
 .debug_macro   0x000142f1       0xa1 src/main.o
 .debug_macro   0x00014392       0x3c src/main.o
 .debug_macro   0x000143ce       0x6c src/main.o
 .debug_macro   0x0001443a      0x1aa src/main.o
 .debug_macro   0x000145e4      0xd92 src/main.o
 .debug_macro   0x00015376      0x111 src/main.o
 .debug_macro   0x00015487      0x293 src/main.o
 .debug_macro   0x0001571a       0x12 src/main.o
 .debug_macro   0x0001572c      0x516 src/main.o
 .debug_macro   0x00015c42       0x88 src/main.o
 .debug_macro   0x00015cca       0xce src/main.o
 .debug_macro   0x00015d98       0x10 src/main.o
 .debug_macro   0x00015da8      0x1d0 src/main.o
 .debug_macro   0x00015f78       0x22 src/main.o
 .debug_macro   0x00015f9a       0x66 src/main.o
 .debug_macro   0x00016000      0x1b5 src/main.o
 .debug_macro   0x000161b5       0xab src/main.o
 .debug_macro   0x00016260      0x22c src/main.o
 .debug_macro   0x0001648c      0x240 src/main.o
 .debug_macro   0x000166cc      0x133 src/main.o
 .debug_macro   0x000167ff      0x10c src/main.o
 .debug_macro   0x0001690b       0x3c src/main.o
 .debug_macro   0x00016947      0x2db src/main.o
 .debug_macro   0x00016c22       0x7b src/main.o
 .debug_macro   0x00016c9d      0x313 src/main.o
 .debug_macro   0x00016fb0      0x4dc src/main.o
 .debug_macro   0x0001748c       0xd6 src/main.o
 .debug_macro   0x00017562      0x398 src/main.o
 .debug_macro   0x000178fa       0xd6 src/main.o
 .debug_macro   0x000179d0      0x398 src/main.o
 .debug_macro   0x00017d68      0x22b src/main.o
 .debug_macro   0x00017f93      0x1ed src/main.o
 .debug_macro   0x00018180      0x2e2 src/main.o
 .debug_macro   0x00018462      0x677 src/main.o
 .debug_macro   0x00018ad9      0x24f src/main.o
 .debug_macro   0x00018d28      0x138 src/main.o
 .debug_macro   0x00018e60      0x4e8 src/main.o
 .debug_macro   0x00019348       0x47 src/main.o
 .debug_macro   0x0001938f      0x1df src/main.o
 .debug_macro   0x0001956e       0x29 src/main.o
 .debug_macro   0x00019597       0x58 src/main.o
 .debug_macro   0x000195ef      0x1c3 src/main.o
 .debug_macro   0x000197b2       0x30 src/main.o
 .debug_macro   0x000197e2       0x58 src/main.o
 .debug_macro   0x0001983a      0x2cd src/main.o
 .debug_macro   0x00019b07       0x10 src/main.o
 .debug_macro   0x00019b17       0xa5 src/main.o
 .debug_macro   0x00019bbc       0x8d src/main.o
 .debug_macro   0x00019c49      0x1df src/main.o
 .debug_macro   0x00019e28      0x119 src/main.o
 .debug_macro   0x00019f41       0x75 src/main.o
 .debug_macro   0x00019fb6      0x130 src/main.o
 .debug_macro   0x0001a0e6      0x264 src/main.o
 .debug_macro   0x0001a34a       0x40 src/main.o
 .debug_macro   0x0001a38a       0xa0 src/main.o
 .debug_macro   0x0001a42a       0x10 src/main.o
 .debug_macro   0x0001a43a      0x11e src/main.o
 .debug_macro   0x0001a558       0x10 src/main.o
 .debug_macro   0x0001a568      0x39f src/main.o
 .debug_macro   0x0001a907       0x2e src/main.o
 .debug_macro   0x0001a935      0x4ee src/stm32f7xx_it.o
 .debug_macro   0x0001ae23      0x4db src/system_stm32f7xx.o
 .debug_macro   0x0001b2fe      0x547 C:\Users\Obelisk\workspace\stm32f746g-disco_hal_lib\Debug\libstm32f746g-disco_hal_lib.a(stm32746g_discovery_lcd.o)
 .debug_macro   0x0001b845      0x8a4 C:\Users\Obelisk\workspace\stm32f746g-disco_hal_lib\Debug\libstm32f746g-disco_hal_lib.a(stm32746g_discovery_lcd.o)
 .debug_macro   0x0001c0e9       0x9a C:\Users\Obelisk\workspace\stm32f746g-disco_hal_lib\Debug\libstm32f746g-disco_hal_lib.a(stm32746g_discovery_lcd.o)
 .debug_macro   0x0001c183      0x26a C:\Users\Obelisk\workspace\stm32f746g-disco_hal_lib\Debug\libstm32f746g-disco_hal_lib.a(stm32746g_discovery_lcd.o)
 .debug_macro   0x0001c3ed      0x4f3 C:\Users\Obelisk\workspace\stm32f746g-disco_hal_lib\Debug\libstm32f746g-disco_hal_lib.a(stm32746g_discovery_sdram.o)
 .debug_macro   0x0001c8e0      0x51a C:\Users\Obelisk\workspace\stm32f746g-disco_hal_lib\Debug\libstm32f746g-disco_hal_lib.a(stm32746g_discovery_ts.o)
 .debug_macro   0x0001cdfa       0x6c C:\Users\Obelisk\workspace\stm32f746g-disco_hal_lib\Debug\libstm32f746g-disco_hal_lib.a(ft5336.o)
 .debug_macro   0x0001ce66      0x508 C:\Users\Obelisk\workspace\stm32f746g-disco_hal_lib\Debug\libstm32f746g-disco_hal_lib.a(stm32f7xx_hal.o)
 .debug_macro   0x0001d36e      0x4e4 C:\Users\Obelisk\workspace\stm32f746g-disco_hal_lib\Debug\libstm32f746g-disco_hal_lib.a(stm32f7xx_hal_cortex.o)
 .debug_macro   0x0001d852      0x4eb C:\Users\Obelisk\workspace\stm32f746g-disco_hal_lib\Debug\libstm32f746g-disco_hal_lib.a(stm32f7xx_hal_dma.o)
 .debug_macro   0x0001dd3d      0x4f2 C:\Users\Obelisk\workspace\stm32f746g-disco_hal_lib\Debug\libstm32f746g-disco_hal_lib.a(stm32f7xx_hal_dma2d.o)
 .debug_macro   0x0001e22f      0x51c C:\Users\Obelisk\workspace\stm32f746g-disco_hal_lib\Debug\libstm32f746g-disco_hal_lib.a(stm32f7xx_hal_gpio.o)
 .debug_macro   0x0001e74b      0x4e4 C:\Users\Obelisk\workspace\stm32f746g-disco_hal_lib\Debug\libstm32f746g-disco_hal_lib.a(stm32f7xx_hal_ltdc.o)
 .debug_macro   0x0001ec2f      0x4fc C:\Users\Obelisk\workspace\stm32f746g-disco_hal_lib\Debug\libstm32f746g-disco_hal_lib.a(stm32f7xx_hal_pwr_ex.o)
 .debug_macro   0x0001f12b      0x508 C:\Users\Obelisk\workspace\stm32f746g-disco_hal_lib\Debug\libstm32f746g-disco_hal_lib.a(stm32f7xx_hal_rcc.o)
 .debug_macro   0x0001f633      0x4f0 C:\Users\Obelisk\workspace\stm32f746g-disco_hal_lib\Debug\libstm32f746g-disco_hal_lib.a(stm32f7xx_hal_rcc_ex.o)
 .debug_macro   0x0001fb23      0x4e4 C:\Users\Obelisk\workspace\stm32f746g-disco_hal_lib\Debug\libstm32f746g-disco_hal_lib.a(stm32f7xx_hal_sdram.o)
 .debug_macro   0x00020007      0x4e4 C:\Users\Obelisk\workspace\stm32f746g-disco_hal_lib\Debug\libstm32f746g-disco_hal_lib.a(stm32f7xx_ll_fmc.o)
 .debug_macro   0x000204eb      0x511 C:\Users\Obelisk\workspace\stm32f746g-disco_hal_lib\Debug\libstm32f746g-disco_hal_lib.a(stm32746g_discovery.o)
 .debug_macro   0x000209fc      0x52b C:\Users\Obelisk\workspace\stm32f746g-disco_hal_lib\Debug\libstm32f746g-disco_hal_lib.a(stm32f7xx_hal_i2c.o)

.debug_str      0x00000000    0xd0369
 .debug_str     0x00000000    0xcbafc src/main.o
                              0xcbe22 (size before relaxing)
 .debug_str     0x000cbafc       0x38 src/stm32f7xx_it.o
                              0xc8342 (size before relaxing)
 .debug_str     0x000cbb34       0x7b src/system_stm32f7xx.o
                              0xc757b (size before relaxing)
 .debug_str     0x000cbbaf      0xe0b C:\Users\Obelisk\workspace\stm32f746g-disco_hal_lib\Debug\libstm32f746g-disco_hal_lib.a(stm32746g_discovery_lcd.o)
                              0xcb254 (size before relaxing)
 .debug_str     0x000cc9ba      0xb27 C:\Users\Obelisk\workspace\stm32f746g-disco_hal_lib\Debug\libstm32f746g-disco_hal_lib.a(stm32746g_discovery_sdram.o)
                              0xc95bf (size before relaxing)
 .debug_str     0x000cd4e1      0x1a7 C:\Users\Obelisk\workspace\stm32f746g-disco_hal_lib\Debug\libstm32f746g-disco_hal_lib.a(stm32746g_discovery_ts.o)
                              0xcb33c (size before relaxing)
 .debug_str     0x000cd688      0x287 C:\Users\Obelisk\workspace\stm32f746g-disco_hal_lib\Debug\libstm32f746g-disco_hal_lib.a(ft5336.o)
                               0x48d8 (size before relaxing)
 .debug_str     0x000cd90f      0x347 C:\Users\Obelisk\workspace\stm32f746g-disco_hal_lib\Debug\libstm32f746g-disco_hal_lib.a(stm32f7xx_hal.o)
                              0xc8e27 (size before relaxing)
 .debug_str     0x000cdc56      0x27b C:\Users\Obelisk\workspace\stm32f746g-disco_hal_lib\Debug\libstm32f746g-disco_hal_lib.a(stm32f7xx_hal_cortex.o)
                              0xc8edf (size before relaxing)
 .debug_str     0x000cded1      0x1b6 C:\Users\Obelisk\workspace\stm32f746g-disco_hal_lib\Debug\libstm32f746g-disco_hal_lib.a(stm32f7xx_hal_dma.o)
                              0xc87f6 (size before relaxing)
 .debug_str     0x000ce087      0x294 C:\Users\Obelisk\workspace\stm32f746g-disco_hal_lib\Debug\libstm32f746g-disco_hal_lib.a(stm32f7xx_hal_dma2d.o)
                              0xc886e (size before relaxing)
 .debug_str     0x000ce31b      0x22a C:\Users\Obelisk\workspace\stm32f746g-disco_hal_lib\Debug\libstm32f746g-disco_hal_lib.a(stm32f7xx_hal_gpio.o)
                              0xc879b (size before relaxing)
 .debug_str     0x000ce545      0x240 C:\Users\Obelisk\workspace\stm32f746g-disco_hal_lib\Debug\libstm32f746g-disco_hal_lib.a(stm32f7xx_hal_ltdc.o)
                              0xc893b (size before relaxing)
 .debug_str     0x000ce785      0x1e1 C:\Users\Obelisk\workspace\stm32f746g-disco_hal_lib\Debug\libstm32f746g-disco_hal_lib.a(stm32f7xx_hal_pwr_ex.o)
                              0xc8853 (size before relaxing)
 .debug_str     0x000ce966      0x243 C:\Users\Obelisk\workspace\stm32f746g-disco_hal_lib\Debug\libstm32f746g-disco_hal_lib.a(stm32f7xx_hal_rcc.o)
                              0xc88e5 (size before relaxing)
 .debug_str     0x000ceba9      0x10d C:\Users\Obelisk\workspace\stm32f746g-disco_hal_lib\Debug\libstm32f746g-disco_hal_lib.a(stm32f7xx_hal_rcc_ex.o)
                              0xc8844 (size before relaxing)
 .debug_str     0x000cecb6      0x273 C:\Users\Obelisk\workspace\stm32f746g-disco_hal_lib\Debug\libstm32f746g-disco_hal_lib.a(stm32f7xx_hal_sdram.o)
                              0xc8b3c (size before relaxing)
 .debug_str     0x000cef29      0x465 C:\Users\Obelisk\workspace\stm32f746g-disco_hal_lib\Debug\libstm32f746g-disco_hal_lib.a(stm32f7xx_ll_fmc.o)
                              0xc8a19 (size before relaxing)
 .debug_str     0x000cf38e      0x95e C:\Users\Obelisk\workspace\stm32f746g-disco_hal_lib\Debug\libstm32f746g-disco_hal_lib.a(stm32746g_discovery.o)
                              0xca8cd (size before relaxing)
 .debug_str     0x000cfcec      0x67d C:\Users\Obelisk\workspace\stm32f746g-disco_hal_lib\Debug\libstm32f746g-disco_hal_lib.a(stm32f7xx_hal_i2c.o)
                              0xc8f11 (size before relaxing)

.comment        0x00000000       0x6e
 .comment       0x00000000       0x6e src/main.o
                                 0x6f (size before relaxing)
 .comment       0x0000006e       0x6f src/stm32f7xx_it.o
 .comment       0x0000006e       0x6f src/system_stm32f7xx.o
 .comment       0x0000006e       0x6f C:\Users\Obelisk\workspace\stm32f746g-disco_hal_lib\Debug\libstm32f746g-disco_hal_lib.a(stm32746g_discovery_lcd.o)
 .comment       0x0000006e       0x6f C:\Users\Obelisk\workspace\stm32f746g-disco_hal_lib\Debug\libstm32f746g-disco_hal_lib.a(stm32746g_discovery_sdram.o)
 .comment       0x0000006e       0x6f C:\Users\Obelisk\workspace\stm32f746g-disco_hal_lib\Debug\libstm32f746g-disco_hal_lib.a(stm32746g_discovery_ts.o)
 .comment       0x0000006e       0x6f C:\Users\Obelisk\workspace\stm32f746g-disco_hal_lib\Debug\libstm32f746g-disco_hal_lib.a(ft5336.o)
 .comment       0x0000006e       0x6f C:\Users\Obelisk\workspace\stm32f746g-disco_hal_lib\Debug\libstm32f746g-disco_hal_lib.a(stm32f7xx_hal.o)
 .comment       0x0000006e       0x6f C:\Users\Obelisk\workspace\stm32f746g-disco_hal_lib\Debug\libstm32f746g-disco_hal_lib.a(stm32f7xx_hal_cortex.o)
 .comment       0x0000006e       0x6f C:\Users\Obelisk\workspace\stm32f746g-disco_hal_lib\Debug\libstm32f746g-disco_hal_lib.a(stm32f7xx_hal_dma.o)
 .comment       0x0000006e       0x6f C:\Users\Obelisk\workspace\stm32f746g-disco_hal_lib\Debug\libstm32f746g-disco_hal_lib.a(stm32f7xx_hal_dma2d.o)
 .comment       0x0000006e       0x6f C:\Users\Obelisk\workspace\stm32f746g-disco_hal_lib\Debug\libstm32f746g-disco_hal_lib.a(stm32f7xx_hal_gpio.o)
 .comment       0x0000006e       0x6f C:\Users\Obelisk\workspace\stm32f746g-disco_hal_lib\Debug\libstm32f746g-disco_hal_lib.a(stm32f7xx_hal_ltdc.o)
 .comment       0x0000006e       0x6f C:\Users\Obelisk\workspace\stm32f746g-disco_hal_lib\Debug\libstm32f746g-disco_hal_lib.a(stm32f7xx_hal_pwr_ex.o)
 .comment       0x0000006e       0x6f C:\Users\Obelisk\workspace\stm32f746g-disco_hal_lib\Debug\libstm32f746g-disco_hal_lib.a(stm32f7xx_hal_rcc.o)
 .comment       0x0000006e       0x6f C:\Users\Obelisk\workspace\stm32f746g-disco_hal_lib\Debug\libstm32f746g-disco_hal_lib.a(stm32f7xx_hal_rcc_ex.o)
 .comment       0x0000006e       0x6f C:\Users\Obelisk\workspace\stm32f746g-disco_hal_lib\Debug\libstm32f746g-disco_hal_lib.a(stm32f7xx_hal_sdram.o)
 .comment       0x0000006e       0x6f C:\Users\Obelisk\workspace\stm32f746g-disco_hal_lib\Debug\libstm32f746g-disco_hal_lib.a(stm32f7xx_ll_fmc.o)
 .comment       0x0000006e       0x6f C:\Users\Obelisk\workspace\stm32f746g-disco_hal_lib\Debug\libstm32f746g-disco_hal_lib.a(stm32746g_discovery.o)
 .comment       0x0000006e       0x6f C:\Users\Obelisk\workspace\stm32f746g-disco_hal_lib\Debug\libstm32f746g-disco_hal_lib.a(stm32f7xx_hal_i2c.o)

.debug_frame    0x00000000     0x3880
 .debug_frame   0x00000000      0x194 src/main.o
 .debug_frame   0x00000194       0x2c src/stm32f7xx_it.o
 .debug_frame   0x000001c0       0x58 src/system_stm32f7xx.o
 .debug_frame   0x00000218      0x73c C:\Users\Obelisk\workspace\stm32f746g-disco_hal_lib\Debug\libstm32f746g-disco_hal_lib.a(stm32746g_discovery_lcd.o)
 .debug_frame   0x00000954      0x184 C:\Users\Obelisk\workspace\stm32f746g-disco_hal_lib\Debug\libstm32f746g-disco_hal_lib.a(stm32746g_discovery_sdram.o)
 .debug_frame   0x00000ad8      0x124 C:\Users\Obelisk\workspace\stm32f746g-disco_hal_lib\Debug\libstm32f746g-disco_hal_lib.a(stm32746g_discovery_ts.o)
 .debug_frame   0x00000bfc      0x230 C:\Users\Obelisk\workspace\stm32f746g-disco_hal_lib\Debug\libstm32f746g-disco_hal_lib.a(ft5336.o)
 .debug_frame   0x00000e2c      0x2f0 C:\Users\Obelisk\workspace\stm32f746g-disco_hal_lib\Debug\libstm32f746g-disco_hal_lib.a(stm32f7xx_hal.o)
 .debug_frame   0x0000111c      0x450 C:\Users\Obelisk\workspace\stm32f746g-disco_hal_lib\Debug\libstm32f746g-disco_hal_lib.a(stm32f7xx_hal_cortex.o)
 .debug_frame   0x0000156c      0x1b0 C:\Users\Obelisk\workspace\stm32f746g-disco_hal_lib\Debug\libstm32f746g-disco_hal_lib.a(stm32f7xx_hal_dma.o)
 .debug_frame   0x0000171c      0x338 C:\Users\Obelisk\workspace\stm32f746g-disco_hal_lib\Debug\libstm32f746g-disco_hal_lib.a(stm32f7xx_hal_dma2d.o)
 .debug_frame   0x00001a54      0x14c C:\Users\Obelisk\workspace\stm32f746g-disco_hal_lib\Debug\libstm32f746g-disco_hal_lib.a(stm32f7xx_hal_gpio.o)
 .debug_frame   0x00001ba0      0x3d8 C:\Users\Obelisk\workspace\stm32f746g-disco_hal_lib\Debug\libstm32f746g-disco_hal_lib.a(stm32f7xx_hal_ltdc.o)
 .debug_frame   0x00001f78      0x1c8 C:\Users\Obelisk\workspace\stm32f746g-disco_hal_lib\Debug\libstm32f746g-disco_hal_lib.a(stm32f7xx_hal_pwr_ex.o)
 .debug_frame   0x00002140      0x204 C:\Users\Obelisk\workspace\stm32f746g-disco_hal_lib\Debug\libstm32f746g-disco_hal_lib.a(stm32f7xx_hal_rcc.o)
 .debug_frame   0x00002344       0x88 C:\Users\Obelisk\workspace\stm32f746g-disco_hal_lib\Debug\libstm32f746g-disco_hal_lib.a(stm32f7xx_hal_rcc_ex.o)
 .debug_frame   0x000023cc      0x37c C:\Users\Obelisk\workspace\stm32f746g-disco_hal_lib\Debug\libstm32f746g-disco_hal_lib.a(stm32f7xx_hal_sdram.o)
 .debug_frame   0x00002748      0x378 C:\Users\Obelisk\workspace\stm32f746g-disco_hal_lib\Debug\libstm32f746g-disco_hal_lib.a(stm32f7xx_ll_fmc.o)
 .debug_frame   0x00002ac0      0x4b0 C:\Users\Obelisk\workspace\stm32f746g-disco_hal_lib\Debug\libstm32f746g-disco_hal_lib.a(stm32746g_discovery.o)
 .debug_frame   0x00002f70      0x80c C:\Users\Obelisk\workspace\stm32f746g-disco_hal_lib\Debug\libstm32f746g-disco_hal_lib.a(stm32f7xx_hal_i2c.o)
 .debug_frame   0x0000377c       0x2c c:/ac6/systemworkbench/plugins/fr.ac6.mcu.externaltools.arm-none.win32_1.7.0.201602121829/tools/compiler/bin/../lib/gcc/arm-none-eabi/5.2.1/../../../../arm-none-eabi/lib/armv7e-m/fpu/fpv5-sp-d16\libc.a(lib_a-init.o)
 .debug_frame   0x000037a8       0x50 c:/ac6/systemworkbench/plugins/fr.ac6.mcu.externaltools.arm-none.win32_1.7.0.201602121829/tools/compiler/bin/../lib/gcc/arm-none-eabi/5.2.1/../../../../arm-none-eabi/lib/armv7e-m/fpu/fpv5-sp-d16\libc.a(lib_a-__call_atexit.o)
 .debug_frame   0x000037f8       0x20 c:/ac6/systemworkbench/plugins/fr.ac6.mcu.externaltools.arm-none.win32_1.7.0.201602121829/tools/compiler/bin/../lib/gcc/arm-none-eabi/5.2.1/../../../../arm-none-eabi/lib/armv7e-m/fpu/fpv5-sp-d16\libc.a(lib_a-atexit.o)
 .debug_frame   0x00003818       0x34 c:/ac6/systemworkbench/plugins/fr.ac6.mcu.externaltools.arm-none.win32_1.7.0.201602121829/tools/compiler/bin/../lib/gcc/arm-none-eabi/5.2.1/../../../../arm-none-eabi/lib/armv7e-m/fpu/fpv5-sp-d16\libc.a(lib_a-fini.o)
 .debug_frame   0x0000384c       0x34 c:/ac6/systemworkbench/plugins/fr.ac6.mcu.externaltools.arm-none.win32_1.7.0.201602121829/tools/compiler/bin/../lib/gcc/arm-none-eabi/5.2.1/../../../../arm-none-eabi/lib/armv7e-m/fpu/fpv5-sp-d16\libc.a(lib_a-__atexit.o)
